Archive member included to satisfy reference by file (symbol)

f:/software/gcc-arm-none-eabi-10.3-2021.10/bin/../lib/gcc/arm-none-eabi/10.3.1/../../../../arm-none-eabi/lib/thumb/v7-m/nofp\libc_nano.a(lib_a-exit.o)
                              f:/software/gcc-arm-none-eabi-10.3-2021.10/bin/../lib/gcc/arm-none-eabi/10.3.1/../../../../arm-none-eabi/lib/thumb/v7-m/nofp/crt0.o (exit)
f:/software/gcc-arm-none-eabi-10.3-2021.10/bin/../lib/gcc/arm-none-eabi/10.3.1/../../../../arm-none-eabi/lib/thumb/v7-m/nofp\libc_nano.a(lib_a-impure.o)
                              f:/software/gcc-arm-none-eabi-10.3-2021.10/bin/../lib/gcc/arm-none-eabi/10.3.1/../../../../arm-none-eabi/lib/thumb/v7-m/nofp\libc_nano.a(lib_a-exit.o) (_global_impure_ptr)
f:/software/gcc-arm-none-eabi-10.3-2021.10/bin/../lib/gcc/arm-none-eabi/10.3.1/../../../../arm-none-eabi/lib/thumb/v7-m/nofp\libc_nano.a(lib_a-init.o)
                              f:/software/gcc-arm-none-eabi-10.3-2021.10/bin/../lib/gcc/arm-none-eabi/10.3.1/../../../../arm-none-eabi/lib/thumb/v7-m/nofp/crt0.o (__libc_init_array)
f:/software/gcc-arm-none-eabi-10.3-2021.10/bin/../lib/gcc/arm-none-eabi/10.3.1/../../../../arm-none-eabi/lib/thumb/v7-m/nofp\libc_nano.a(lib_a-memset.o)
                              f:/software/gcc-arm-none-eabi-10.3-2021.10/bin/../lib/gcc/arm-none-eabi/10.3.1/../../../../arm-none-eabi/lib/thumb/v7-m/nofp/crt0.o (memset)
f:/software/gcc-arm-none-eabi-10.3-2021.10/bin/../lib/gcc/arm-none-eabi/10.3.1/../../../../arm-none-eabi/lib/thumb/v7-m/nofp\libnosys.a(_exit.o)
                              f:/software/gcc-arm-none-eabi-10.3-2021.10/bin/../lib/gcc/arm-none-eabi/10.3.1/../../../../arm-none-eabi/lib/thumb/v7-m/nofp\libc_nano.a(lib_a-exit.o) (_exit)

Discarded input sections

 .text          0x00000000        0x0 f:/software/gcc-arm-none-eabi-10.3-2021.10/bin/../lib/gcc/arm-none-eabi/10.3.1/thumb/v7-m/nofp/crti.o
 .data          0x00000000        0x0 f:/software/gcc-arm-none-eabi-10.3-2021.10/bin/../lib/gcc/arm-none-eabi/10.3.1/thumb/v7-m/nofp/crti.o
 .bss           0x00000000        0x0 f:/software/gcc-arm-none-eabi-10.3-2021.10/bin/../lib/gcc/arm-none-eabi/10.3.1/thumb/v7-m/nofp/crti.o
 .data          0x00000000        0x4 f:/software/gcc-arm-none-eabi-10.3-2021.10/bin/../lib/gcc/arm-none-eabi/10.3.1/thumb/v7-m/nofp/crtbegin.o
 .rodata        0x00000000       0x24 f:/software/gcc-arm-none-eabi-10.3-2021.10/bin/../lib/gcc/arm-none-eabi/10.3.1/thumb/v7-m/nofp/crtbegin.o
 .text          0x00000000       0x7c f:/software/gcc-arm-none-eabi-10.3-2021.10/bin/../lib/gcc/arm-none-eabi/10.3.1/../../../../arm-none-eabi/lib/thumb/v7-m/nofp/crt0.o
 .data          0x00000000        0x0 f:/software/gcc-arm-none-eabi-10.3-2021.10/bin/../lib/gcc/arm-none-eabi/10.3.1/../../../../arm-none-eabi/lib/thumb/v7-m/nofp/crt0.o
 .bss           0x00000000        0x0 f:/software/gcc-arm-none-eabi-10.3-2021.10/bin/../lib/gcc/arm-none-eabi/10.3.1/../../../../arm-none-eabi/lib/thumb/v7-m/nofp/crt0.o
 .ARM.extab     0x00000000        0x0 f:/software/gcc-arm-none-eabi-10.3-2021.10/bin/../lib/gcc/arm-none-eabi/10.3.1/../../../../arm-none-eabi/lib/thumb/v7-m/nofp/crt0.o
 .ARM.exidx     0x00000000       0x10 f:/software/gcc-arm-none-eabi-10.3-2021.10/bin/../lib/gcc/arm-none-eabi/10.3.1/../../../../arm-none-eabi/lib/thumb/v7-m/nofp/crt0.o
 .ARM.attributes
                0x00000000       0x1b f:/software/gcc-arm-none-eabi-10.3-2021.10/bin/../lib/gcc/arm-none-eabi/10.3.1/../../../../arm-none-eabi/lib/thumb/v7-m/nofp/crt0.o
 .text          0x00000000        0x0 build/main.o
 .data          0x00000000        0x0 build/main.o
 .bss           0x00000000        0x0 build/main.o
 .text          0x00000000        0x0 build/gpio.o
 .data          0x00000000        0x0 build/gpio.o
 .bss           0x00000000        0x0 build/gpio.o
 .text          0x00000000        0x0 build/stm32f1xx_it.o
 .data          0x00000000        0x0 build/stm32f1xx_it.o
 .bss           0x00000000        0x0 build/stm32f1xx_it.o
 .text          0x00000000        0x0 build/stm32f1xx_hal_msp.o
 .data          0x00000000        0x0 build/stm32f1xx_hal_msp.o
 .bss           0x00000000        0x0 build/stm32f1xx_hal_msp.o
 .text          0x00000000        0x0 build/stm32f1xx_hal_gpio_ex.o
 .data          0x00000000        0x0 build/stm32f1xx_hal_gpio_ex.o
 .bss           0x00000000        0x0 build/stm32f1xx_hal_gpio_ex.o
 .rodata.HAL_GPIOEx_ConfigEventout.str1.4
                0x00000000       0x39 build/stm32f1xx_hal_gpio_ex.o
 .text.HAL_GPIOEx_ConfigEventout
                0x00000000       0x4c build/stm32f1xx_hal_gpio_ex.o
 .text.HAL_GPIOEx_EnableEventout
                0x00000000       0x10 build/stm32f1xx_hal_gpio_ex.o
 .text.HAL_GPIOEx_DisableEventout
                0x00000000       0x10 build/stm32f1xx_hal_gpio_ex.o
 .debug_info    0x00000000      0x1de build/stm32f1xx_hal_gpio_ex.o
 .debug_abbrev  0x00000000      0x105 build/stm32f1xx_hal_gpio_ex.o
 .debug_loc     0x00000000       0x98 build/stm32f1xx_hal_gpio_ex.o
 .debug_aranges
                0x00000000       0x30 build/stm32f1xx_hal_gpio_ex.o
 .debug_ranges  0x00000000       0x20 build/stm32f1xx_hal_gpio_ex.o
 .debug_line    0x00000000      0x1e0 build/stm32f1xx_hal_gpio_ex.o
 .debug_str     0x00000000      0x23e build/stm32f1xx_hal_gpio_ex.o
 .comment       0x00000000       0x4a build/stm32f1xx_hal_gpio_ex.o
 .debug_frame   0x00000000       0x4c build/stm32f1xx_hal_gpio_ex.o
 .ARM.attributes
                0x00000000       0x2d build/stm32f1xx_hal_gpio_ex.o
 .text          0x00000000        0x0 build/stm32f1xx_hal_tim.o
 .data          0x00000000        0x0 build/stm32f1xx_hal_tim.o
 .bss           0x00000000        0x0 build/stm32f1xx_hal_tim.o
 .debug_info    0x00000000       0x6b build/stm32f1xx_hal_tim.o
 .debug_abbrev  0x00000000       0x26 build/stm32f1xx_hal_tim.o
 .debug_aranges
                0x00000000       0x18 build/stm32f1xx_hal_tim.o
 .debug_line    0x00000000       0x1d build/stm32f1xx_hal_tim.o
 .debug_str     0x00000000      0x16a build/stm32f1xx_hal_tim.o
 .comment       0x00000000       0x4a build/stm32f1xx_hal_tim.o
 .ARM.attributes
                0x00000000       0x2d build/stm32f1xx_hal_tim.o
 .text          0x00000000        0x0 build/stm32f1xx_hal_tim_ex.o
 .data          0x00000000        0x0 build/stm32f1xx_hal_tim_ex.o
 .bss           0x00000000        0x0 build/stm32f1xx_hal_tim_ex.o
 .debug_info    0x00000000       0x6b build/stm32f1xx_hal_tim_ex.o
 .debug_abbrev  0x00000000       0x26 build/stm32f1xx_hal_tim_ex.o
 .debug_aranges
                0x00000000       0x18 build/stm32f1xx_hal_tim_ex.o
 .debug_line    0x00000000       0x1d build/stm32f1xx_hal_tim_ex.o
 .debug_str     0x00000000      0x16d build/stm32f1xx_hal_tim_ex.o
 .comment       0x00000000       0x4a build/stm32f1xx_hal_tim_ex.o
 .ARM.attributes
                0x00000000       0x2d build/stm32f1xx_hal_tim_ex.o
 .text          0x00000000        0x0 build/stm32f1xx_hal.o
 .data          0x00000000        0x0 build/stm32f1xx_hal.o
 .bss           0x00000000        0x0 build/stm32f1xx_hal.o
 .text.HAL_MspInit
                0x00000000        0x2 build/stm32f1xx_hal.o
 .text.HAL_MspDeInit
                0x00000000        0x2 build/stm32f1xx_hal.o
 .text.HAL_DeInit
                0x00000000       0x20 build/stm32f1xx_hal.o
 .text.HAL_GetTickPrio
                0x00000000        0xc build/stm32f1xx_hal.o
 .rodata.HAL_SetTickFreq.str1.4
                0x00000000       0x31 build/stm32f1xx_hal.o
 .text.HAL_SetTickFreq
                0x00000000       0x48 build/stm32f1xx_hal.o
 .text.HAL_GetTickFreq
                0x00000000        0xc build/stm32f1xx_hal.o
 .text.HAL_SuspendTick
                0x00000000        0xe build/stm32f1xx_hal.o
 .text.HAL_ResumeTick
                0x00000000        0xe build/stm32f1xx_hal.o
 .text.HAL_GetHalVersion
                0x00000000        0x8 build/stm32f1xx_hal.o
 .text.HAL_GetREVID
                0x00000000        0xc build/stm32f1xx_hal.o
 .text.HAL_GetDEVID
                0x00000000       0x10 build/stm32f1xx_hal.o
 .text.HAL_GetUIDw0
                0x00000000        0xc build/stm32f1xx_hal.o
 .text.HAL_GetUIDw1
                0x00000000        0xc build/stm32f1xx_hal.o
 .text.HAL_GetUIDw2
                0x00000000        0xc build/stm32f1xx_hal.o
 .text.HAL_DBGMCU_EnableDBGSleepMode
                0x00000000       0x10 build/stm32f1xx_hal.o
 .text.HAL_DBGMCU_DisableDBGSleepMode
                0x00000000       0x10 build/stm32f1xx_hal.o
 .text.HAL_DBGMCU_EnableDBGStopMode
                0x00000000       0x10 build/stm32f1xx_hal.o
 .text.HAL_DBGMCU_DisableDBGStopMode
                0x00000000       0x10 build/stm32f1xx_hal.o
 .text.HAL_DBGMCU_EnableDBGStandbyMode
                0x00000000       0x10 build/stm32f1xx_hal.o
 .text.HAL_DBGMCU_DisableDBGStandbyMode
                0x00000000       0x10 build/stm32f1xx_hal.o
 .text          0x00000000        0x0 build/stm32f1xx_hal_rcc.o
 .data          0x00000000        0x0 build/stm32f1xx_hal_rcc.o
 .bss           0x00000000        0x0 build/stm32f1xx_hal_rcc.o
 .text.HAL_RCC_DeInit
                0x00000000       0xf4 build/stm32f1xx_hal_rcc.o
 .text.HAL_RCC_MCOConfig
                0x00000000       0xa0 build/stm32f1xx_hal_rcc.o
 .text.HAL_RCC_EnableCSS
                0x00000000        0xc build/stm32f1xx_hal_rcc.o
 .text.HAL_RCC_DisableCSS
                0x00000000        0xc build/stm32f1xx_hal_rcc.o
 .text.HAL_RCC_GetOscConfig
                0x00000000       0xcc build/stm32f1xx_hal_rcc.o
 .text.HAL_RCC_GetClockConfig
                0x00000000       0x64 build/stm32f1xx_hal_rcc.o
 .text.HAL_RCC_CSSCallback
                0x00000000        0x2 build/stm32f1xx_hal_rcc.o
 .text.HAL_RCC_NMI_IRQHandler
                0x00000000       0x20 build/stm32f1xx_hal_rcc.o
 .text          0x00000000        0x0 build/stm32f1xx_hal_rcc_ex.o
 .data          0x00000000        0x0 build/stm32f1xx_hal_rcc_ex.o
 .bss           0x00000000        0x0 build/stm32f1xx_hal_rcc_ex.o
 .rodata.HAL_RCCEx_PeriphCLKConfig.str1.4
                0x00000000       0x38 build/stm32f1xx_hal_rcc_ex.o
 .text.HAL_RCCEx_PeriphCLKConfig
                0x00000000      0x184 build/stm32f1xx_hal_rcc_ex.o
 .text.HAL_RCCEx_GetPeriphCLKConfig
                0x00000000       0x3c build/stm32f1xx_hal_rcc_ex.o
 .text.HAL_RCCEx_GetPeriphCLKFreq
                0x00000000      0x10c build/stm32f1xx_hal_rcc_ex.o
 .rodata.aPLLMULFactorTable.1
                0x00000000       0x10 build/stm32f1xx_hal_rcc_ex.o
 .rodata.aPredivFactorTable.0
                0x00000000        0x2 build/stm32f1xx_hal_rcc_ex.o
 .debug_info    0x00000000      0x562 build/stm32f1xx_hal_rcc_ex.o
 .debug_abbrev  0x00000000      0x1fb build/stm32f1xx_hal_rcc_ex.o
 .debug_loc     0x00000000      0x450 build/stm32f1xx_hal_rcc_ex.o
 .debug_aranges
                0x00000000       0x30 build/stm32f1xx_hal_rcc_ex.o
 .debug_ranges  0x00000000       0x38 build/stm32f1xx_hal_rcc_ex.o
 .debug_line    0x00000000      0x510 build/stm32f1xx_hal_rcc_ex.o
 .debug_str     0x00000000      0x3e6 build/stm32f1xx_hal_rcc_ex.o
 .comment       0x00000000       0x4a build/stm32f1xx_hal_rcc_ex.o
 .debug_frame   0x00000000       0x60 build/stm32f1xx_hal_rcc_ex.o
 .ARM.attributes
                0x00000000       0x2d build/stm32f1xx_hal_rcc_ex.o
 .text          0x00000000        0x0 build/stm32f1xx_hal_gpio.o
 .data          0x00000000        0x0 build/stm32f1xx_hal_gpio.o
 .bss           0x00000000        0x0 build/stm32f1xx_hal_gpio.o
 .text.HAL_GPIO_DeInit
                0x00000000      0x168 build/stm32f1xx_hal_gpio.o
 .text.HAL_GPIO_ReadPin
                0x00000000       0x28 build/stm32f1xx_hal_gpio.o
 .text.HAL_GPIO_TogglePin
                0x00000000       0x2c build/stm32f1xx_hal_gpio.o
 .text.HAL_GPIO_LockPin
                0x00000000       0x8c build/stm32f1xx_hal_gpio.o
 .text.HAL_GPIO_EXTI_Callback
                0x00000000        0x2 build/stm32f1xx_hal_gpio.o
 .text.HAL_GPIO_EXTI_IRQHandler
                0x00000000       0x1c build/stm32f1xx_hal_gpio.o
 .text          0x00000000        0x0 build/stm32f1xx_hal_dma.o
 .data          0x00000000        0x0 build/stm32f1xx_hal_dma.o
 .bss           0x00000000        0x0 build/stm32f1xx_hal_dma.o
 .text.DMA_SetConfig
                0x00000000       0x2c build/stm32f1xx_hal_dma.o
 .rodata.HAL_DMA_Init.str1.4
                0x00000000       0x35 build/stm32f1xx_hal_dma.o
 .text.HAL_DMA_Init
                0x00000000      0x198 build/stm32f1xx_hal_dma.o
 .text.HAL_DMA_DeInit
                0x00000000       0xf0 build/stm32f1xx_hal_dma.o
 .text.HAL_DMA_Start
                0x00000000       0x80 build/stm32f1xx_hal_dma.o
 .text.HAL_DMA_Start_IT
                0x00000000       0x9c build/stm32f1xx_hal_dma.o
 .text.HAL_DMA_Abort
                0x00000000       0x46 build/stm32f1xx_hal_dma.o
 .text.HAL_DMA_PollForTransfer
                0x00000000      0x54c build/stm32f1xx_hal_dma.o
 .text.HAL_DMA_IRQHandler
                0x00000000      0x2ec build/stm32f1xx_hal_dma.o
 .text.HAL_DMA_RegisterCallback
                0x00000000       0x4c build/stm32f1xx_hal_dma.o
 .text.HAL_DMA_UnRegisterCallback
                0x00000000       0x5c build/stm32f1xx_hal_dma.o
 .text.HAL_DMA_GetState
                0x00000000        0x6 build/stm32f1xx_hal_dma.o
 .text.HAL_DMA_GetError
                0x00000000        0x4 build/stm32f1xx_hal_dma.o
 .text          0x00000000        0x0 build/stm32f1xx_hal_cortex.o
 .data          0x00000000        0x0 build/stm32f1xx_hal_cortex.o
 .bss           0x00000000        0x0 build/stm32f1xx_hal_cortex.o
 .text.HAL_NVIC_DisableIRQ
                0x00000000       0x38 build/stm32f1xx_hal_cortex.o
 .text.HAL_NVIC_SystemReset
                0x00000000       0x24 build/stm32f1xx_hal_cortex.o
 .text.HAL_NVIC_GetPriorityGrouping
                0x00000000       0x10 build/stm32f1xx_hal_cortex.o
 .text.HAL_NVIC_GetPriority
                0x00000000       0x7c build/stm32f1xx_hal_cortex.o
 .text.HAL_NVIC_SetPendingIRQ
                0x00000000       0x34 build/stm32f1xx_hal_cortex.o
 .text.HAL_NVIC_GetPendingIRQ
                0x00000000       0x3c build/stm32f1xx_hal_cortex.o
 .text.HAL_NVIC_ClearPendingIRQ
                0x00000000       0x34 build/stm32f1xx_hal_cortex.o
 .text.HAL_NVIC_GetActive
                0x00000000       0x3c build/stm32f1xx_hal_cortex.o
 .text.HAL_SYSTICK_CLKSourceConfig
                0x00000000       0x3c build/stm32f1xx_hal_cortex.o
 .text.HAL_SYSTICK_Callback
                0x00000000        0x2 build/stm32f1xx_hal_cortex.o
 .text.HAL_SYSTICK_IRQHandler
                0x00000000        0x8 build/stm32f1xx_hal_cortex.o
 .text          0x00000000        0x0 build/stm32f1xx_hal_pwr.o
 .data          0x00000000        0x0 build/stm32f1xx_hal_pwr.o
 .bss           0x00000000        0x0 build/stm32f1xx_hal_pwr.o
 .text.PWR_OverloadWfe
                0x00000000        0x6 build/stm32f1xx_hal_pwr.o
 .text.HAL_PWR_DeInit
                0x00000000       0x18 build/stm32f1xx_hal_pwr.o
 .text.HAL_PWR_EnableBkUpAccess
                0x00000000        0xc build/stm32f1xx_hal_pwr.o
 .text.HAL_PWR_DisableBkUpAccess
                0x00000000        0xc build/stm32f1xx_hal_pwr.o
 .rodata.HAL_PWR_ConfigPVD.str1.4
                0x00000000       0x35 build/stm32f1xx_hal_pwr.o
 .text.HAL_PWR_ConfigPVD
                0x00000000       0xe8 build/stm32f1xx_hal_pwr.o
 .text.HAL_PWR_EnablePVD
                0x00000000        0xc build/stm32f1xx_hal_pwr.o
 .text.HAL_PWR_DisablePVD
                0x00000000        0xc build/stm32f1xx_hal_pwr.o
 .text.HAL_PWR_EnableWakeUpPin
                0x00000000       0x34 build/stm32f1xx_hal_pwr.o
 .text.HAL_PWR_DisableWakeUpPin
                0x00000000       0x34 build/stm32f1xx_hal_pwr.o
 .text.HAL_PWR_EnterSLEEPMode
                0x00000000       0x3c build/stm32f1xx_hal_pwr.o
 .text.HAL_PWR_EnterSTOPMode
                0x00000000       0x74 build/stm32f1xx_hal_pwr.o
 .text.HAL_PWR_EnterSTANDBYMode
                0x00000000       0x20 build/stm32f1xx_hal_pwr.o
 .text.HAL_PWR_EnableSleepOnExit
                0x00000000       0x10 build/stm32f1xx_hal_pwr.o
 .text.HAL_PWR_DisableSleepOnExit
                0x00000000       0x10 build/stm32f1xx_hal_pwr.o
 .text.HAL_PWR_EnableSEVOnPend
                0x00000000       0x10 build/stm32f1xx_hal_pwr.o
 .text.HAL_PWR_DisableSEVOnPend
                0x00000000       0x10 build/stm32f1xx_hal_pwr.o
 .text.HAL_PWR_PVDCallback
                0x00000000        0x2 build/stm32f1xx_hal_pwr.o
 .text.HAL_PWR_PVD_IRQHandler
                0x00000000       0x20 build/stm32f1xx_hal_pwr.o
 .debug_info    0x00000000      0x83b build/stm32f1xx_hal_pwr.o
 .debug_abbrev  0x00000000      0x20b build/stm32f1xx_hal_pwr.o
 .debug_loc     0x00000000      0x30a build/stm32f1xx_hal_pwr.o
 .debug_aranges
                0x00000000       0xa8 build/stm32f1xx_hal_pwr.o
 .debug_ranges  0x00000000       0x98 build/stm32f1xx_hal_pwr.o
 .debug_line    0x00000000      0x4f2 build/stm32f1xx_hal_pwr.o
 .debug_str     0x00000000      0x470 build/stm32f1xx_hal_pwr.o
 .comment       0x00000000       0x4a build/stm32f1xx_hal_pwr.o
 .debug_frame   0x00000000      0x164 build/stm32f1xx_hal_pwr.o
 .ARM.attributes
                0x00000000       0x2d build/stm32f1xx_hal_pwr.o
 .text          0x00000000        0x0 build/stm32f1xx_hal_flash.o
 .data          0x00000000        0x0 build/stm32f1xx_hal_flash.o
 .bss           0x00000000        0x0 build/stm32f1xx_hal_flash.o
 .text.FLASH_Program_HalfWord
                0x00000000       0x1c build/stm32f1xx_hal_flash.o
 .text.FLASH_SetErrorCode
                0x00000000       0x70 build/stm32f1xx_hal_flash.o
 .rodata.HAL_FLASH_Program_IT.str1.4
                0x00000000       0x37 build/stm32f1xx_hal_flash.o
 .text.HAL_FLASH_Program_IT
                0x00000000       0xc8 build/stm32f1xx_hal_flash.o
 .text.HAL_FLASH_EndOfOperationCallback
                0x00000000        0x2 build/stm32f1xx_hal_flash.o
 .text.HAL_FLASH_OperationErrorCallback
                0x00000000        0x2 build/stm32f1xx_hal_flash.o
 .text.HAL_FLASH_IRQHandler
                0x00000000      0x154 build/stm32f1xx_hal_flash.o
 .text.HAL_FLASH_Unlock
                0x00000000       0x34 build/stm32f1xx_hal_flash.o
 .text.HAL_FLASH_Lock
                0x00000000       0x14 build/stm32f1xx_hal_flash.o
 .text.HAL_FLASH_OB_Unlock
                0x00000000       0x28 build/stm32f1xx_hal_flash.o
 .text.HAL_FLASH_OB_Lock
                0x00000000       0x14 build/stm32f1xx_hal_flash.o
 .text.HAL_FLASH_OB_Launch
                0x00000000        0x8 build/stm32f1xx_hal_flash.o
 .text.HAL_FLASH_GetError
                0x00000000        0xc build/stm32f1xx_hal_flash.o
 .text.FLASH_WaitForLastOperation
                0x00000000       0x68 build/stm32f1xx_hal_flash.o
 .text.HAL_FLASH_Program
                0x00000000       0xf8 build/stm32f1xx_hal_flash.o
 .bss.pFlash    0x00000000       0x20 build/stm32f1xx_hal_flash.o
 .debug_info    0x00000000      0x787 build/stm32f1xx_hal_flash.o
 .debug_abbrev  0x00000000      0x26b build/stm32f1xx_hal_flash.o
 .debug_loc     0x00000000      0x49f build/stm32f1xx_hal_flash.o
 .debug_aranges
                0x00000000       0x88 build/stm32f1xx_hal_flash.o
 .debug_ranges  0x00000000       0x78 build/stm32f1xx_hal_flash.o
 .debug_line    0x00000000      0x7a4 build/stm32f1xx_hal_flash.o
 .debug_str     0x00000000      0x504 build/stm32f1xx_hal_flash.o
 .comment       0x00000000       0x4a build/stm32f1xx_hal_flash.o
 .debug_frame   0x00000000      0x138 build/stm32f1xx_hal_flash.o
 .ARM.attributes
                0x00000000       0x2d build/stm32f1xx_hal_flash.o
 .text          0x00000000        0x0 build/stm32f1xx_hal_flash_ex.o
 .data          0x00000000        0x0 build/stm32f1xx_hal_flash_ex.o
 .bss           0x00000000        0x0 build/stm32f1xx_hal_flash_ex.o
 .text.FLASH_OB_GetWRP
                0x00000000        0xc build/stm32f1xx_hal_flash_ex.o
 .text.FLASH_OB_GetRDP
                0x00000000       0x18 build/stm32f1xx_hal_flash_ex.o
 .text.FLASH_OB_GetUser
                0x00000000       0x10 build/stm32f1xx_hal_flash_ex.o
 .rodata.FLASH_MassErase.str1.4
                0x00000000       0x3a build/stm32f1xx_hal_flash_ex.o
 .text.FLASH_MassErase
                0x00000000       0x38 build/stm32f1xx_hal_flash_ex.o
 .text.FLASH_OB_RDP_LevelConfig
                0x00000000       0x80 build/stm32f1xx_hal_flash_ex.o
 .text.FLASH_OB_UserConfig
                0x00000000       0x48 build/stm32f1xx_hal_flash_ex.o
 .text.FLASH_OB_ProgramData
                0x00000000       0x60 build/stm32f1xx_hal_flash_ex.o
 .text.HAL_FLASHEx_OBErase
                0x00000000       0x50 build/stm32f1xx_hal_flash_ex.o
 .text.FLASH_OB_EnableWRP
                0x00000000       0xd4 build/stm32f1xx_hal_flash_ex.o
 .text.FLASH_OB_DisableWRP
                0x00000000       0xd8 build/stm32f1xx_hal_flash_ex.o
 .text.HAL_FLASHEx_OBProgram
                0x00000000       0xc4 build/stm32f1xx_hal_flash_ex.o
 .text.HAL_FLASHEx_OBGetConfig
                0x00000000       0x1c build/stm32f1xx_hal_flash_ex.o
 .text.HAL_FLASHEx_OBGetUserData
                0x00000000       0x24 build/stm32f1xx_hal_flash_ex.o
 .text.FLASH_PageErase
                0x00000000       0x24 build/stm32f1xx_hal_flash_ex.o
 .text.HAL_FLASHEx_Erase
                0x00000000      0x168 build/stm32f1xx_hal_flash_ex.o
 .text.HAL_FLASHEx_Erase_IT
                0x00000000      0x128 build/stm32f1xx_hal_flash_ex.o
 .debug_info    0x00000000      0xd1a build/stm32f1xx_hal_flash_ex.o
 .debug_abbrev  0x00000000      0x28d build/stm32f1xx_hal_flash_ex.o
 .debug_loc     0x00000000      0xba3 build/stm32f1xx_hal_flash_ex.o
 .debug_aranges
                0x00000000       0x98 build/stm32f1xx_hal_flash_ex.o
 .debug_ranges  0x00000000       0x88 build/stm32f1xx_hal_flash_ex.o
 .debug_line    0x00000000      0xa11 build/stm32f1xx_hal_flash_ex.o
 .debug_str     0x00000000      0x61a build/stm32f1xx_hal_flash_ex.o
 .comment       0x00000000       0x4a build/stm32f1xx_hal_flash_ex.o
 .debug_frame   0x00000000      0x1a0 build/stm32f1xx_hal_flash_ex.o
 .ARM.attributes
                0x00000000       0x2d build/stm32f1xx_hal_flash_ex.o
 .text          0x00000000        0x0 build/stm32f1xx_hal_exti.o
 .data          0x00000000        0x0 build/stm32f1xx_hal_exti.o
 .bss           0x00000000        0x0 build/stm32f1xx_hal_exti.o
 .rodata.HAL_EXTI_SetConfigLine.str1.4
                0x00000000       0x36 build/stm32f1xx_hal_exti.o
 .text.HAL_EXTI_SetConfigLine
                0x00000000      0x158 build/stm32f1xx_hal_exti.o
 .text.HAL_EXTI_GetConfigLine
                0x00000000       0xf0 build/stm32f1xx_hal_exti.o
 .text.HAL_EXTI_ClearConfigLine
                0x00000000       0xc4 build/stm32f1xx_hal_exti.o
 .text.HAL_EXTI_RegisterCallback
                0x00000000        0xe build/stm32f1xx_hal_exti.o
 .text.HAL_EXTI_GetHandle
                0x00000000       0x44 build/stm32f1xx_hal_exti.o
 .text.HAL_EXTI_IRQHandler
                0x00000000       0x24 build/stm32f1xx_hal_exti.o
 .text.HAL_EXTI_GetPending
                0x00000000       0x78 build/stm32f1xx_hal_exti.o
 .text.HAL_EXTI_ClearPending
                0x00000000       0x74 build/stm32f1xx_hal_exti.o
 .text.HAL_EXTI_GenerateSWI
                0x00000000       0x60 build/stm32f1xx_hal_exti.o
 .debug_info    0x00000000      0x850 build/stm32f1xx_hal_exti.o
 .debug_abbrev  0x00000000      0x20b build/stm32f1xx_hal_exti.o
 .debug_loc     0x00000000      0x894 build/stm32f1xx_hal_exti.o
 .debug_aranges
                0x00000000       0x60 build/stm32f1xx_hal_exti.o
 .debug_ranges  0x00000000       0x50 build/stm32f1xx_hal_exti.o
 .debug_line    0x00000000      0x74d build/stm32f1xx_hal_exti.o
 .debug_str     0x00000000      0x3bd build/stm32f1xx_hal_exti.o
 .comment       0x00000000       0x4a build/stm32f1xx_hal_exti.o
 .debug_frame   0x00000000      0x13c build/stm32f1xx_hal_exti.o
 .ARM.attributes
                0x00000000       0x2d build/stm32f1xx_hal_exti.o
 .text          0x00000000        0x0 build/system_stm32f1xx.o
 .data          0x00000000        0x0 build/system_stm32f1xx.o
 .bss           0x00000000        0x0 build/system_stm32f1xx.o
 .text.SystemCoreClockUpdate
                0x00000000       0x94 build/system_stm32f1xx.o
 .text          0x00000000        0x0 build/usart.o
 .data          0x00000000        0x0 build/usart.o
 .bss           0x00000000        0x0 build/usart.o
 .text.HAL_USART_MspDeInit
                0x00000000       0x34 build/usart.o
 .text          0x00000000        0x0 build/stm32f1xx_hal_usart.o
 .data          0x00000000        0x0 build/stm32f1xx_hal_usart.o
 .bss           0x00000000        0x0 build/stm32f1xx_hal_usart.o
 .text.USART_EndTxTransfer
                0x00000000       0x12 build/stm32f1xx_hal_usart.o
 .text.HAL_USART_MspInit
                0x00000000        0x2 build/stm32f1xx_hal_usart.o
 .text.HAL_USART_MspDeInit
                0x00000000        0x2 build/stm32f1xx_hal_usart.o
 .text.HAL_USART_DeInit
                0x00000000       0x58 build/stm32f1xx_hal_usart.o
 .text.HAL_USART_Receive
                0x00000000       0xf2 build/stm32f1xx_hal_usart.o
 .text.HAL_USART_TransmitReceive
                0x00000000      0x166 build/stm32f1xx_hal_usart.o
 .text.HAL_USART_Transmit_IT
                0x00000000       0x50 build/stm32f1xx_hal_usart.o
 .text.HAL_USART_Receive_IT
                0x00000000       0x6a build/stm32f1xx_hal_usart.o
 .text.HAL_USART_TransmitReceive_IT
                0x00000000       0x90 build/stm32f1xx_hal_usart.o
 .text.HAL_USART_Transmit_DMA
                0x00000000       0x84 build/stm32f1xx_hal_usart.o
 .text.HAL_USART_Receive_DMA
                0x00000000       0xd4 build/stm32f1xx_hal_usart.o
 .text.HAL_USART_TransmitReceive_DMA
                0x00000000       0xe8 build/stm32f1xx_hal_usart.o
 .text.HAL_USART_DMAPause
                0x00000000       0x26 build/stm32f1xx_hal_usart.o
 .text.HAL_USART_DMAResume
                0x00000000       0x26 build/stm32f1xx_hal_usart.o
 .text.HAL_USART_DMAStop
                0x00000000       0x66 build/stm32f1xx_hal_usart.o
 .text.HAL_USART_Abort
                0x00000000       0x68 build/stm32f1xx_hal_usart.o
 .text.USART_DMATransmitCplt
                0x00000000       0x46 build/stm32f1xx_hal_usart.o
 .text.HAL_USART_TxHalfCpltCallback
                0x00000000        0x2 build/stm32f1xx_hal_usart.o
 .text.USART_DMATxHalfCplt
                0x00000000        0xa build/stm32f1xx_hal_usart.o
 .text.HAL_USART_RxHalfCpltCallback
                0x00000000        0x2 build/stm32f1xx_hal_usart.o
 .text.USART_DMARxHalfCplt
                0x00000000        0xa build/stm32f1xx_hal_usart.o
 .text.USART_DMAReceiveCplt
                0x00000000       0x74 build/stm32f1xx_hal_usart.o
 .text.USART_DMAError
                0x00000000       0x5c build/stm32f1xx_hal_usart.o
 .text.HAL_USART_AbortCpltCallback
                0x00000000        0x2 build/stm32f1xx_hal_usart.o
 .text.HAL_USART_Abort_IT
                0x00000000       0xc0 build/stm32f1xx_hal_usart.o
 .text.USART_DMARxAbortCallback
                0x00000000       0x26 build/stm32f1xx_hal_usart.o
 .text.USART_DMATxAbortCallback
                0x00000000       0x26 build/stm32f1xx_hal_usart.o
 .text.HAL_USART_GetState
                0x00000000        0x6 build/stm32f1xx_hal_usart.o
 .text.HAL_USART_GetError
                0x00000000        0x4 build/stm32f1xx_hal_usart.o
 .text          0x00000000       0x14 build/startup_stm32f103xe.o
 .data          0x00000000        0x0 build/startup_stm32f103xe.o
 .bss           0x00000000        0x0 build/startup_stm32f103xe.o
 .text          0x00000000        0x0 f:/software/gcc-arm-none-eabi-10.3-2021.10/bin/../lib/gcc/arm-none-eabi/10.3.1/../../../../arm-none-eabi/lib/thumb/v7-m/nofp\libc_nano.a(lib_a-exit.o)
 .data          0x00000000        0x0 f:/software/gcc-arm-none-eabi-10.3-2021.10/bin/../lib/gcc/arm-none-eabi/10.3.1/../../../../arm-none-eabi/lib/thumb/v7-m/nofp\libc_nano.a(lib_a-exit.o)
 .bss           0x00000000        0x0 f:/software/gcc-arm-none-eabi-10.3-2021.10/bin/../lib/gcc/arm-none-eabi/10.3.1/../../../../arm-none-eabi/lib/thumb/v7-m/nofp\libc_nano.a(lib_a-exit.o)
 .text.exit     0x00000000       0x28 f:/software/gcc-arm-none-eabi-10.3-2021.10/bin/../lib/gcc/arm-none-eabi/10.3.1/../../../../arm-none-eabi/lib/thumb/v7-m/nofp\libc_nano.a(lib_a-exit.o)
 .debug_frame   0x00000000       0x28 f:/software/gcc-arm-none-eabi-10.3-2021.10/bin/../lib/gcc/arm-none-eabi/10.3.1/../../../../arm-none-eabi/lib/thumb/v7-m/nofp\libc_nano.a(lib_a-exit.o)
 .ARM.attributes
                0x00000000       0x2d f:/software/gcc-arm-none-eabi-10.3-2021.10/bin/../lib/gcc/arm-none-eabi/10.3.1/../../../../arm-none-eabi/lib/thumb/v7-m/nofp\libc_nano.a(lib_a-exit.o)
 .text          0x00000000        0x0 f:/software/gcc-arm-none-eabi-10.3-2021.10/bin/../lib/gcc/arm-none-eabi/10.3.1/../../../../arm-none-eabi/lib/thumb/v7-m/nofp\libc_nano.a(lib_a-impure.o)
 .data          0x00000000        0x0 f:/software/gcc-arm-none-eabi-10.3-2021.10/bin/../lib/gcc/arm-none-eabi/10.3.1/../../../../arm-none-eabi/lib/thumb/v7-m/nofp\libc_nano.a(lib_a-impure.o)
 .bss           0x00000000        0x0 f:/software/gcc-arm-none-eabi-10.3-2021.10/bin/../lib/gcc/arm-none-eabi/10.3.1/../../../../arm-none-eabi/lib/thumb/v7-m/nofp\libc_nano.a(lib_a-impure.o)
 .data._impure_ptr
                0x00000000        0x4 f:/software/gcc-arm-none-eabi-10.3-2021.10/bin/../lib/gcc/arm-none-eabi/10.3.1/../../../../arm-none-eabi/lib/thumb/v7-m/nofp\libc_nano.a(lib_a-impure.o)
 .data.impure_data
                0x00000000       0x60 f:/software/gcc-arm-none-eabi-10.3-2021.10/bin/../lib/gcc/arm-none-eabi/10.3.1/../../../../arm-none-eabi/lib/thumb/v7-m/nofp\libc_nano.a(lib_a-impure.o)
 .rodata._global_impure_ptr
                0x00000000        0x4 f:/software/gcc-arm-none-eabi-10.3-2021.10/bin/../lib/gcc/arm-none-eabi/10.3.1/../../../../arm-none-eabi/lib/thumb/v7-m/nofp\libc_nano.a(lib_a-impure.o)
 .ARM.attributes
                0x00000000       0x2d f:/software/gcc-arm-none-eabi-10.3-2021.10/bin/../lib/gcc/arm-none-eabi/10.3.1/../../../../arm-none-eabi/lib/thumb/v7-m/nofp\libc_nano.a(lib_a-impure.o)
 .text          0x00000000        0x0 f:/software/gcc-arm-none-eabi-10.3-2021.10/bin/../lib/gcc/arm-none-eabi/10.3.1/../../../../arm-none-eabi/lib/thumb/v7-m/nofp\libc_nano.a(lib_a-init.o)
 .data          0x00000000        0x0 f:/software/gcc-arm-none-eabi-10.3-2021.10/bin/../lib/gcc/arm-none-eabi/10.3.1/../../../../arm-none-eabi/lib/thumb/v7-m/nofp\libc_nano.a(lib_a-init.o)
 .bss           0x00000000        0x0 f:/software/gcc-arm-none-eabi-10.3-2021.10/bin/../lib/gcc/arm-none-eabi/10.3.1/../../../../arm-none-eabi/lib/thumb/v7-m/nofp\libc_nano.a(lib_a-init.o)
 .text          0x00000000        0x0 f:/software/gcc-arm-none-eabi-10.3-2021.10/bin/../lib/gcc/arm-none-eabi/10.3.1/../../../../arm-none-eabi/lib/thumb/v7-m/nofp\libc_nano.a(lib_a-memset.o)
 .data          0x00000000        0x0 f:/software/gcc-arm-none-eabi-10.3-2021.10/bin/../lib/gcc/arm-none-eabi/10.3.1/../../../../arm-none-eabi/lib/thumb/v7-m/nofp\libc_nano.a(lib_a-memset.o)
 .bss           0x00000000        0x0 f:/software/gcc-arm-none-eabi-10.3-2021.10/bin/../lib/gcc/arm-none-eabi/10.3.1/../../../../arm-none-eabi/lib/thumb/v7-m/nofp\libc_nano.a(lib_a-memset.o)
 .text          0x00000000        0x0 f:/software/gcc-arm-none-eabi-10.3-2021.10/bin/../lib/gcc/arm-none-eabi/10.3.1/../../../../arm-none-eabi/lib/thumb/v7-m/nofp\libnosys.a(_exit.o)
 .data          0x00000000        0x0 f:/software/gcc-arm-none-eabi-10.3-2021.10/bin/../lib/gcc/arm-none-eabi/10.3.1/../../../../arm-none-eabi/lib/thumb/v7-m/nofp\libnosys.a(_exit.o)
 .bss           0x00000000        0x0 f:/software/gcc-arm-none-eabi-10.3-2021.10/bin/../lib/gcc/arm-none-eabi/10.3.1/../../../../arm-none-eabi/lib/thumb/v7-m/nofp\libnosys.a(_exit.o)
 .text._exit    0x00000000        0x4 f:/software/gcc-arm-none-eabi-10.3-2021.10/bin/../lib/gcc/arm-none-eabi/10.3.1/../../../../arm-none-eabi/lib/thumb/v7-m/nofp\libnosys.a(_exit.o)
 .debug_frame   0x00000000       0x20 f:/software/gcc-arm-none-eabi-10.3-2021.10/bin/../lib/gcc/arm-none-eabi/10.3.1/../../../../arm-none-eabi/lib/thumb/v7-m/nofp\libnosys.a(_exit.o)
 .ARM.attributes
                0x00000000       0x2d f:/software/gcc-arm-none-eabi-10.3-2021.10/bin/../lib/gcc/arm-none-eabi/10.3.1/../../../../arm-none-eabi/lib/thumb/v7-m/nofp\libnosys.a(_exit.o)
 .text          0x00000000        0x0 f:/software/gcc-arm-none-eabi-10.3-2021.10/bin/../lib/gcc/arm-none-eabi/10.3.1/thumb/v7-m/nofp/crtend.o
 .data          0x00000000        0x0 f:/software/gcc-arm-none-eabi-10.3-2021.10/bin/../lib/gcc/arm-none-eabi/10.3.1/thumb/v7-m/nofp/crtend.o
 .bss           0x00000000        0x0 f:/software/gcc-arm-none-eabi-10.3-2021.10/bin/../lib/gcc/arm-none-eabi/10.3.1/thumb/v7-m/nofp/crtend.o
 .rodata        0x00000000       0x24 f:/software/gcc-arm-none-eabi-10.3-2021.10/bin/../lib/gcc/arm-none-eabi/10.3.1/thumb/v7-m/nofp/crtend.o
 .eh_frame      0x00000000        0x4 f:/software/gcc-arm-none-eabi-10.3-2021.10/bin/../lib/gcc/arm-none-eabi/10.3.1/thumb/v7-m/nofp/crtend.o
 .ARM.attributes
                0x00000000       0x2d f:/software/gcc-arm-none-eabi-10.3-2021.10/bin/../lib/gcc/arm-none-eabi/10.3.1/thumb/v7-m/nofp/crtend.o
 .text          0x00000000        0x0 f:/software/gcc-arm-none-eabi-10.3-2021.10/bin/../lib/gcc/arm-none-eabi/10.3.1/thumb/v7-m/nofp/crtn.o
 .data          0x00000000        0x0 f:/software/gcc-arm-none-eabi-10.3-2021.10/bin/../lib/gcc/arm-none-eabi/10.3.1/thumb/v7-m/nofp/crtn.o
 .bss           0x00000000        0x0 f:/software/gcc-arm-none-eabi-10.3-2021.10/bin/../lib/gcc/arm-none-eabi/10.3.1/thumb/v7-m/nofp/crtn.o

Memory Configuration

Name             Origin             Length             Attributes
RAM              0x20000000         0x00010000         xrw
FLASH            0x08000000         0x00080000         xr
*default*        0x00000000         0xffffffff

Linker script and memory map

LOAD f:/software/gcc-arm-none-eabi-10.3-2021.10/bin/../lib/gcc/arm-none-eabi/10.3.1/thumb/v7-m/nofp/crti.o
LOAD f:/software/gcc-arm-none-eabi-10.3-2021.10/bin/../lib/gcc/arm-none-eabi/10.3.1/thumb/v7-m/nofp/crtbegin.o
LOAD f:/software/gcc-arm-none-eabi-10.3-2021.10/bin/../lib/gcc/arm-none-eabi/10.3.1/../../../../arm-none-eabi/lib/thumb/v7-m/nofp/crt0.o
LOAD build/main.o
LOAD build/gpio.o
LOAD build/stm32f1xx_it.o
LOAD build/stm32f1xx_hal_msp.o
LOAD build/stm32f1xx_hal_gpio_ex.o
LOAD build/stm32f1xx_hal_tim.o
LOAD build/stm32f1xx_hal_tim_ex.o
LOAD build/stm32f1xx_hal.o
LOAD build/stm32f1xx_hal_rcc.o
LOAD build/stm32f1xx_hal_rcc_ex.o
LOAD build/stm32f1xx_hal_gpio.o
LOAD build/stm32f1xx_hal_dma.o
LOAD build/stm32f1xx_hal_cortex.o
LOAD build/stm32f1xx_hal_pwr.o
LOAD build/stm32f1xx_hal_flash.o
LOAD build/stm32f1xx_hal_flash_ex.o
LOAD build/stm32f1xx_hal_exti.o
LOAD build/system_stm32f1xx.o
LOAD build/usart.o
LOAD build/stm32f1xx_hal_usart.o
LOAD build/startup_stm32f103xe.o
LOAD f:/software/gcc-arm-none-eabi-10.3-2021.10/bin/../lib/gcc/arm-none-eabi/10.3.1/../../../../arm-none-eabi/lib/thumb/v7-m/nofp\libc_nano.a
LOAD f:/software/gcc-arm-none-eabi-10.3-2021.10/bin/../lib/gcc/arm-none-eabi/10.3.1/../../../../arm-none-eabi/lib/thumb/v7-m/nofp\libm.a
LOAD f:/software/gcc-arm-none-eabi-10.3-2021.10/bin/../lib/gcc/arm-none-eabi/10.3.1/../../../../arm-none-eabi/lib/thumb/v7-m/nofp\libnosys.a
START GROUP
LOAD f:/software/gcc-arm-none-eabi-10.3-2021.10/bin/../lib/gcc/arm-none-eabi/10.3.1/thumb/v7-m/nofp\libgcc.a
LOAD f:/software/gcc-arm-none-eabi-10.3-2021.10/bin/../lib/gcc/arm-none-eabi/10.3.1/../../../../arm-none-eabi/lib/thumb/v7-m/nofp\libc_nano.a
END GROUP
START GROUP
LOAD f:/software/gcc-arm-none-eabi-10.3-2021.10/bin/../lib/gcc/arm-none-eabi/10.3.1/thumb/v7-m/nofp\libgcc.a
LOAD f:/software/gcc-arm-none-eabi-10.3-2021.10/bin/../lib/gcc/arm-none-eabi/10.3.1/../../../../arm-none-eabi/lib/thumb/v7-m/nofp\libc_nano.a
END GROUP
LOAD f:/software/gcc-arm-none-eabi-10.3-2021.10/bin/../lib/gcc/arm-none-eabi/10.3.1/thumb/v7-m/nofp/crtend.o
LOAD f:/software/gcc-arm-none-eabi-10.3-2021.10/bin/../lib/gcc/arm-none-eabi/10.3.1/thumb/v7-m/nofp/crtn.o
                0x20010000                _estack = (ORIGIN (RAM) + LENGTH (RAM))
                0x00000200                _Min_Heap_Size = 0x200
                0x00000400                _Min_Stack_Size = 0x400

.isr_vector     0x08000000      0x1e4
                0x08000000                . = ALIGN (0x4)
 *(.isr_vector)
 .isr_vector    0x08000000      0x1e4 build/startup_stm32f103xe.o
                0x08000000                g_pfnVectors
                0x080001e4                . = ALIGN (0x4)

.text           0x080001e4     0x1a84
                0x080001e4                . = ALIGN (0x4)
 *(.text)
 .text          0x080001e4       0x40 f:/software/gcc-arm-none-eabi-10.3-2021.10/bin/../lib/gcc/arm-none-eabi/10.3.1/thumb/v7-m/nofp/crtbegin.o
 *(.text*)
 .text.Error_Handler
                0x08000224        0x4 build/main.o
                0x08000224                Error_Handler
 .text.SystemClock_Config
                0x08000228       0x64 build/main.o
                0x08000228                SystemClock_Config
 .text.main     0x0800028c       0x60 build/main.o
                0x0800028c                main
 .text.assert_failed
                0x080002ec        0x2 build/main.o
                0x080002ec                assert_failed
 *fill*         0x080002ee        0x2 
 .text.MX_GPIO_Init
                0x080002f0       0xb0 build/gpio.o
                0x080002f0                MX_GPIO_Init
 .text.NMI_Handler
                0x080003a0        0x2 build/stm32f1xx_it.o
                0x080003a0                NMI_Handler
 .text.HardFault_Handler
                0x080003a2        0x2 build/stm32f1xx_it.o
                0x080003a2                HardFault_Handler
 .text.MemManage_Handler
                0x080003a4        0x2 build/stm32f1xx_it.o
                0x080003a4                MemManage_Handler
 .text.BusFault_Handler
                0x080003a6        0x2 build/stm32f1xx_it.o
                0x080003a6                BusFault_Handler
 .text.UsageFault_Handler
                0x080003a8        0x2 build/stm32f1xx_it.o
                0x080003a8                UsageFault_Handler
 .text.SVC_Handler
                0x080003aa        0x2 build/stm32f1xx_it.o
                0x080003aa                SVC_Handler
 .text.DebugMon_Handler
                0x080003ac        0x2 build/stm32f1xx_it.o
                0x080003ac                DebugMon_Handler
 .text.PendSV_Handler
                0x080003ae        0x2 build/stm32f1xx_it.o
                0x080003ae                PendSV_Handler
 .text.SysTick_Handler
                0x080003b0        0x8 build/stm32f1xx_it.o
                0x080003b0                SysTick_Handler
 .text.USART1_IRQHandler
                0x080003b8       0x10 build/stm32f1xx_it.o
                0x080003b8                USART1_IRQHandler
 .text.HAL_MspInit
                0x080003c8       0x44 build/stm32f1xx_hal_msp.o
                0x080003c8                HAL_MspInit
 .text.HAL_InitTick
                0x0800040c       0x4c build/stm32f1xx_hal.o
                0x0800040c                HAL_InitTick
 .text.HAL_Init
                0x08000458       0x24 build/stm32f1xx_hal.o
                0x08000458                HAL_Init
 .text.HAL_IncTick
                0x0800047c       0x18 build/stm32f1xx_hal.o
                0x0800047c                HAL_IncTick
 .text.HAL_GetTick
                0x08000494        0xc build/stm32f1xx_hal.o
                0x08000494                HAL_GetTick
 .text.HAL_Delay
                0x080004a0       0x28 build/stm32f1xx_hal.o
                0x080004a0                HAL_Delay
 .text.RCC_Delay
                0x080004c8       0x2c build/stm32f1xx_hal_rcc.o
 .text.HAL_RCC_OscConfig
                0x080004f4      0x548 build/stm32f1xx_hal_rcc.o
                0x080004f4                HAL_RCC_OscConfig
 .text.HAL_RCC_GetSysClockFreq
                0x08000a3c       0x54 build/stm32f1xx_hal_rcc.o
                0x08000a3c                HAL_RCC_GetSysClockFreq
 .text.HAL_RCC_ClockConfig
                0x08000a90      0x228 build/stm32f1xx_hal_rcc.o
                0x08000a90                HAL_RCC_ClockConfig
 .text.HAL_RCC_GetHCLKFreq
                0x08000cb8        0xc build/stm32f1xx_hal_rcc.o
                0x08000cb8                HAL_RCC_GetHCLKFreq
 .text.HAL_RCC_GetPCLK1Freq
                0x08000cc4       0x20 build/stm32f1xx_hal_rcc.o
                0x08000cc4                HAL_RCC_GetPCLK1Freq
 .text.HAL_RCC_GetPCLK2Freq
                0x08000ce4       0x20 build/stm32f1xx_hal_rcc.o
                0x08000ce4                HAL_RCC_GetPCLK2Freq
 .text.HAL_GPIO_Init
                0x08000d04      0x3b0 build/stm32f1xx_hal_gpio.o
                0x08000d04                HAL_GPIO_Init
 .text.HAL_GPIO_WritePin
                0x080010b4       0x38 build/stm32f1xx_hal_gpio.o
                0x080010b4                HAL_GPIO_WritePin
 .text.HAL_DMA_Abort_IT
                0x080010ec      0x16c build/stm32f1xx_hal_dma.o
                0x080010ec                HAL_DMA_Abort_IT
 .text.HAL_NVIC_SetPriorityGrouping
                0x08001258       0x3c build/stm32f1xx_hal_cortex.o
                0x08001258                HAL_NVIC_SetPriorityGrouping
 .text.HAL_NVIC_SetPriority
                0x08001294       0x8c build/stm32f1xx_hal_cortex.o
                0x08001294                HAL_NVIC_SetPriority
 .text.HAL_NVIC_EnableIRQ
                0x08001320       0x30 build/stm32f1xx_hal_cortex.o
                0x08001320                HAL_NVIC_EnableIRQ
 .text.HAL_SYSTICK_Config
                0x08001350       0x28 build/stm32f1xx_hal_cortex.o
                0x08001350                HAL_SYSTICK_Config
 .text.SystemInit
                0x08001378        0x2 build/system_stm32f1xx.o
                0x08001378                SystemInit
 *fill*         0x0800137a        0x2 
 .text.MX_USART1_Init
                0x0800137c       0x3c build/usart.o
                0x0800137c                MX_USART1_Init
 .text.HAL_USART_MspInit
                0x080013b8       0x88 build/usart.o
                0x080013b8                HAL_USART_MspInit
 .text.Usart_SendByte
                0x08001440       0x24 build/usart.o
                0x08001440                Usart_SendByte
 .text.USART_EndRxTransfer
                0x08001464       0x1c build/stm32f1xx_hal_usart.o
 .text.USART_Transmit_IT
                0x08001480       0x60 build/stm32f1xx_hal_usart.o
 .text.USART_SetConfig
                0x080014e0      0x1cc build/stm32f1xx_hal_usart.o
 .text.USART_WaitOnFlagUntilTimeout
                0x080016ac       0x7c build/stm32f1xx_hal_usart.o
 .text.HAL_USART_Init
                0x08001728       0x80 build/stm32f1xx_hal_usart.o
                0x08001728                HAL_USART_Init
 .text.HAL_USART_Transmit
                0x080017a8       0xd0 build/stm32f1xx_hal_usart.o
                0x080017a8                HAL_USART_Transmit
 .text.HAL_USART_TxCpltCallback
                0x08001878        0x2 build/stm32f1xx_hal_usart.o
                0x08001878                HAL_USART_TxCpltCallback
 .text.USART_EndTransmit_IT
                0x0800187a       0x24 build/stm32f1xx_hal_usart.o
 .text.HAL_USART_RxCpltCallback
                0x0800189e        0x2 build/stm32f1xx_hal_usart.o
                0x0800189e                HAL_USART_RxCpltCallback
 .text.USART_Receive_IT
                0x080018a0       0x9e build/stm32f1xx_hal_usart.o
 .text.HAL_USART_TxRxCpltCallback
                0x0800193e        0x2 build/stm32f1xx_hal_usart.o
                0x0800193e                HAL_USART_TxRxCpltCallback
 .text.USART_TransmitReceive_IT
                0x08001940       0xfc build/stm32f1xx_hal_usart.o
 .text.HAL_USART_ErrorCallback
                0x08001a3c        0x2 build/stm32f1xx_hal_usart.o
                0x08001a3c                HAL_USART_ErrorCallback
 *fill*         0x08001a3e        0x2 
 .text.HAL_USART_IRQHandler
                0x08001a40      0x15c build/stm32f1xx_hal_usart.o
                0x08001a40                HAL_USART_IRQHandler
 .text.USART_DMAAbortOnError
                0x08001b9c       0x10 build/stm32f1xx_hal_usart.o
 .text.Reset_Handler
                0x08001bac       0x48 build/startup_stm32f103xe.o
                0x08001bac                Reset_Handler
 .text.Default_Handler
                0x08001bf4        0x2 build/startup_stm32f103xe.o
                0x08001bf4                RTC_Alarm_IRQHandler
                0x08001bf4                EXTI2_IRQHandler
                0x08001bf4                TIM8_TRG_COM_IRQHandler
                0x08001bf4                TIM8_CC_IRQHandler
                0x08001bf4                TIM1_CC_IRQHandler
                0x08001bf4                TIM6_IRQHandler
                0x08001bf4                PVD_IRQHandler
                0x08001bf4                SDIO_IRQHandler
                0x08001bf4                EXTI3_IRQHandler
                0x08001bf4                EXTI0_IRQHandler
                0x08001bf4                I2C2_EV_IRQHandler
                0x08001bf4                ADC1_2_IRQHandler
                0x08001bf4                SPI1_IRQHandler
                0x08001bf4                TAMPER_IRQHandler
                0x08001bf4                TIM8_UP_IRQHandler
                0x08001bf4                DMA2_Channel2_IRQHandler
                0x08001bf4                DMA1_Channel4_IRQHandler
                0x08001bf4                USART3_IRQHandler
                0x08001bf4                RTC_IRQHandler
                0x08001bf4                DMA1_Channel7_IRQHandler
                0x08001bf4                CAN1_RX1_IRQHandler
                0x08001bf4                UART5_IRQHandler
                0x08001bf4                ADC3_IRQHandler
                0x08001bf4                TIM4_IRQHandler
                0x08001bf4                DMA2_Channel1_IRQHandler
                0x08001bf4                I2C1_EV_IRQHandler
                0x08001bf4                DMA1_Channel6_IRQHandler
                0x08001bf4                UART4_IRQHandler
                0x08001bf4                TIM3_IRQHandler
                0x08001bf4                RCC_IRQHandler
                0x08001bf4                TIM1_TRG_COM_IRQHandler
                0x08001bf4                DMA1_Channel1_IRQHandler
                0x08001bf4                Default_Handler
                0x08001bf4                EXTI15_10_IRQHandler
                0x08001bf4                TIM7_IRQHandler
                0x08001bf4                TIM5_IRQHandler
                0x08001bf4                EXTI9_5_IRQHandler
                0x08001bf4                SPI2_IRQHandler
                0x08001bf4                DMA1_Channel5_IRQHandler
                0x08001bf4                EXTI4_IRQHandler
                0x08001bf4                USB_LP_CAN1_RX0_IRQHandler
                0x08001bf4                USB_HP_CAN1_TX_IRQHandler
                0x08001bf4                DMA1_Channel3_IRQHandler
                0x08001bf4                FSMC_IRQHandler
                0x08001bf4                TIM1_UP_IRQHandler
                0x08001bf4                WWDG_IRQHandler
                0x08001bf4                TIM2_IRQHandler
                0x08001bf4                TIM1_BRK_IRQHandler
                0x08001bf4                EXTI1_IRQHandler
                0x08001bf4                DMA2_Channel4_5_IRQHandler
                0x08001bf4                USART2_IRQHandler
                0x08001bf4                I2C2_ER_IRQHandler
                0x08001bf4                DMA1_Channel2_IRQHandler
                0x08001bf4                TIM8_BRK_IRQHandler
                0x08001bf4                CAN1_SCE_IRQHandler
                0x08001bf4                FLASH_IRQHandler
                0x08001bf4                SPI3_IRQHandler
                0x08001bf4                I2C1_ER_IRQHandler
                0x08001bf4                USBWakeUp_IRQHandler
                0x08001bf4                DMA2_Channel3_IRQHandler
 *fill*         0x08001bf6        0x2 
 .text.__libc_init_array
                0x08001bf8       0x48 f:/software/gcc-arm-none-eabi-10.3-2021.10/bin/../lib/gcc/arm-none-eabi/10.3.1/../../../../arm-none-eabi/lib/thumb/v7-m/nofp\libc_nano.a(lib_a-init.o)
                0x08001bf8                __libc_init_array
 .text.memset   0x08001c40       0x10 f:/software/gcc-arm-none-eabi-10.3-2021.10/bin/../lib/gcc/arm-none-eabi/10.3.1/../../../../arm-none-eabi/lib/thumb/v7-m/nofp\libc_nano.a(lib_a-memset.o)
                0x08001c40                memset
 *(.glue_7)
 .glue_7        0x08001c50        0x0 linker stubs
 *(.glue_7t)
 .glue_7t       0x08001c50        0x0 linker stubs
 *(.eh_frame)
 .eh_frame      0x08001c50        0x0 f:/software/gcc-arm-none-eabi-10.3-2021.10/bin/../lib/gcc/arm-none-eabi/10.3.1/thumb/v7-m/nofp/crtbegin.o
 *(.init)
 .init          0x08001c50        0x4 f:/software/gcc-arm-none-eabi-10.3-2021.10/bin/../lib/gcc/arm-none-eabi/10.3.1/thumb/v7-m/nofp/crti.o
                0x08001c50                _init
 .init          0x08001c54        0x8 f:/software/gcc-arm-none-eabi-10.3-2021.10/bin/../lib/gcc/arm-none-eabi/10.3.1/thumb/v7-m/nofp/crtn.o
 *(.fini)
 .fini          0x08001c5c        0x4 f:/software/gcc-arm-none-eabi-10.3-2021.10/bin/../lib/gcc/arm-none-eabi/10.3.1/thumb/v7-m/nofp/crti.o
                0x08001c5c                _fini
 .fini          0x08001c60        0x8 f:/software/gcc-arm-none-eabi-10.3-2021.10/bin/../lib/gcc/arm-none-eabi/10.3.1/thumb/v7-m/nofp/crtn.o
                0x08001c68                . = ALIGN (0x4)
                0x08001c68                _etext = .

.vfp11_veneer   0x08001c68        0x0
 .vfp11_veneer  0x08001c68        0x0 linker stubs

.v4_bx          0x08001c68        0x0
 .v4_bx         0x08001c68        0x0 linker stubs

.iplt           0x08001c68        0x0
 .iplt          0x08001c68        0x0 f:/software/gcc-arm-none-eabi-10.3-2021.10/bin/../lib/gcc/arm-none-eabi/10.3.1/thumb/v7-m/nofp/crtbegin.o

.rodata         0x08001c68      0x10c
                0x08001c68                . = ALIGN (0x4)
 *(.rodata)
 *(.rodata*)
 .rodata.HAL_RCC_OscConfig.str1.4
                0x08001c68       0x35 build/stm32f1xx_hal_rcc.o
 *fill*         0x08001c9d        0x3 
 .rodata.aPLLMULFactorTable.1
                0x08001ca0       0x10 build/stm32f1xx_hal_rcc.o
 .rodata.aPredivFactorTable.0
                0x08001cb0        0x2 build/stm32f1xx_hal_rcc.o
 *fill*         0x08001cb2        0x2 
 .rodata.HAL_GPIO_Init.str1.4
                0x08001cb4       0x36 build/stm32f1xx_hal_gpio.o
 *fill*         0x08001cea        0x2 
 .rodata.HAL_NVIC_SetPriorityGrouping.str1.4
                0x08001cec       0x38 build/stm32f1xx_hal_cortex.o
 .rodata.AHBPrescTable
                0x08001d24       0x10 build/system_stm32f1xx.o
                0x08001d24                AHBPrescTable
 .rodata.APBPrescTable
                0x08001d34        0x8 build/system_stm32f1xx.o
                0x08001d34                APBPrescTable
 .rodata.USART_SetConfig.str1.4
                0x08001d3c       0x37 build/stm32f1xx_hal_usart.o
                0x08001d74                . = ALIGN (0x4)
 *fill*         0x08001d73        0x1 

.rel.dyn        0x08001d74        0x0
 .rel.iplt      0x08001d74        0x0 f:/software/gcc-arm-none-eabi-10.3-2021.10/bin/../lib/gcc/arm-none-eabi/10.3.1/thumb/v7-m/nofp/crtbegin.o

.ARM.extab
 *(.ARM.extab* .gnu.linkonce.armextab.*)

.ARM            0x08001d74        0x0
                0x08001d74                __exidx_start = .
 *(.ARM.exidx*)
                0x08001d74                __exidx_end = .

.preinit_array  0x08001d74        0x0
                0x08001d74                PROVIDE (__preinit_array_start = .)
 *(.preinit_array*)
                0x08001d74                PROVIDE (__preinit_array_end = .)

.init_array     0x08001d74        0x4
                0x08001d74                PROVIDE (__init_array_start = .)
 *(SORT_BY_NAME(.init_array.*))
 *(.init_array*)
 .init_array    0x08001d74        0x4 f:/software/gcc-arm-none-eabi-10.3-2021.10/bin/../lib/gcc/arm-none-eabi/10.3.1/thumb/v7-m/nofp/crtbegin.o
                0x08001d78                PROVIDE (__init_array_end = .)

.fini_array     0x08001d78        0x4
                [!provide]                PROVIDE (__fini_array_start = .)
 *(SORT_BY_NAME(.fini_array.*))
 *(.fini_array*)
 .fini_array    0x08001d78        0x4 f:/software/gcc-arm-none-eabi-10.3-2021.10/bin/../lib/gcc/arm-none-eabi/10.3.1/thumb/v7-m/nofp/crtbegin.o
                [!provide]                PROVIDE (__fini_array_end = .)
                0x08001d7c                _sidata = LOADADDR (.data)

.data           0x20000000        0xc load address 0x08001d7c
                0x20000000                . = ALIGN (0x4)
                0x20000000                _sdata = .
 *(.data)
 *(.data*)
 .data.uwTickFreq
                0x20000000        0x1 build/stm32f1xx_hal.o
                0x20000000                uwTickFreq
 *fill*         0x20000001        0x3 
 .data.uwTickPrio
                0x20000004        0x4 build/stm32f1xx_hal.o
                0x20000004                uwTickPrio
 .data.SystemCoreClock
                0x20000008        0x4 build/system_stm32f1xx.o
                0x20000008                SystemCoreClock
                0x2000000c                . = ALIGN (0x4)
                0x2000000c                _edata = .

.igot.plt       0x2000000c        0x0 load address 0x08001d88
 .igot.plt      0x2000000c        0x0 f:/software/gcc-arm-none-eabi-10.3-2021.10/bin/../lib/gcc/arm-none-eabi/10.3.1/thumb/v7-m/nofp/crtbegin.o
                0x2000000c                . = ALIGN (0x4)

.bss            0x2000000c       0x64 load address 0x08001d88
                0x2000000c                _sbss = .
                0x2000000c                __bss_start__ = _sbss
 *(.bss)
 .bss           0x2000000c       0x1c f:/software/gcc-arm-none-eabi-10.3-2021.10/bin/../lib/gcc/arm-none-eabi/10.3.1/thumb/v7-m/nofp/crtbegin.o
 *(.bss*)
 .bss.uwTick    0x20000028        0x4 build/stm32f1xx_hal.o
                0x20000028                uwTick
 .bss.husart1   0x2000002c       0x44 build/usart.o
                0x2000002c                husart1
 *(COMMON)
                0x20000070                . = ALIGN (0x4)
                0x20000070                _ebss = .
                0x20000070                __bss_end__ = _ebss

._user_heap_stack
                0x20000070      0x600 load address 0x08001d88
                0x20000070                . = ALIGN (0x8)
                [!provide]                PROVIDE (end = .)
                [!provide]                PROVIDE (_end = .)
                0x20000270                . = (. + _Min_Heap_Size)
 *fill*         0x20000070      0x200 
                0x20000670                . = (. + _Min_Stack_Size)
 *fill*         0x20000270      0x400 
                0x20000670                . = ALIGN (0x8)

/DISCARD/
 libc.a(*)
 libm.a(*)
 libgcc.a(*)

.ARM.attributes
                0x00000000       0x29
 *(.ARM.attributes)
 .ARM.attributes
                0x00000000       0x1d f:/software/gcc-arm-none-eabi-10.3-2021.10/bin/../lib/gcc/arm-none-eabi/10.3.1/thumb/v7-m/nofp/crti.o
 .ARM.attributes
                0x0000001d       0x2d f:/software/gcc-arm-none-eabi-10.3-2021.10/bin/../lib/gcc/arm-none-eabi/10.3.1/thumb/v7-m/nofp/crtbegin.o
 .ARM.attributes
                0x0000004a       0x2d build/main.o
 .ARM.attributes
                0x00000077       0x2d build/gpio.o
 .ARM.attributes
                0x000000a4       0x2d build/stm32f1xx_it.o
 .ARM.attributes
                0x000000d1       0x2d build/stm32f1xx_hal_msp.o
 .ARM.attributes
                0x000000fe       0x2d build/stm32f1xx_hal.o
 .ARM.attributes
                0x0000012b       0x2d build/stm32f1xx_hal_rcc.o
 .ARM.attributes
                0x00000158       0x2d build/stm32f1xx_hal_gpio.o
 .ARM.attributes
                0x00000185       0x2d build/stm32f1xx_hal_dma.o
 .ARM.attributes
                0x000001b2       0x2d build/stm32f1xx_hal_cortex.o
 .ARM.attributes
                0x000001df       0x2d build/system_stm32f1xx.o
 .ARM.attributes
                0x0000020c       0x2d build/usart.o
 .ARM.attributes
                0x00000239       0x2d build/stm32f1xx_hal_usart.o
 .ARM.attributes
                0x00000266       0x21 build/startup_stm32f103xe.o
 .ARM.attributes
                0x00000287       0x2d f:/software/gcc-arm-none-eabi-10.3-2021.10/bin/../lib/gcc/arm-none-eabi/10.3.1/../../../../arm-none-eabi/lib/thumb/v7-m/nofp\libc_nano.a(lib_a-init.o)
 .ARM.attributes
                0x000002b4       0x2d f:/software/gcc-arm-none-eabi-10.3-2021.10/bin/../lib/gcc/arm-none-eabi/10.3.1/../../../../arm-none-eabi/lib/thumb/v7-m/nofp\libc_nano.a(lib_a-memset.o)
 .ARM.attributes
                0x000002e1       0x1d f:/software/gcc-arm-none-eabi-10.3-2021.10/bin/../lib/gcc/arm-none-eabi/10.3.1/thumb/v7-m/nofp/crtn.o
OUTPUT(build/STM32CubeMX-Demo.elf elf32-littlearm)
LOAD linker stubs
LOAD f:/software/gcc-arm-none-eabi-10.3-2021.10/bin/../lib/gcc/arm-none-eabi/10.3.1/../../../../arm-none-eabi/lib/thumb/v7-m/nofp\libc.a
LOAD f:/software/gcc-arm-none-eabi-10.3-2021.10/bin/../lib/gcc/arm-none-eabi/10.3.1/../../../../arm-none-eabi/lib/thumb/v7-m/nofp\libm.a
LOAD f:/software/gcc-arm-none-eabi-10.3-2021.10/bin/../lib/gcc/arm-none-eabi/10.3.1/thumb/v7-m/nofp\libgcc.a

.debug_info     0x00000000     0x737e
 .debug_info    0x00000000      0x54d build/main.o
 .debug_info    0x0000054d      0x381 build/gpio.o
 .debug_info    0x000008ce      0x6af build/stm32f1xx_it.o
 .debug_info    0x00000f7d      0x238 build/stm32f1xx_hal_msp.o
 .debug_info    0x000011b5      0x900 build/stm32f1xx_hal.o
 .debug_info    0x00001ab5      0xd9b build/stm32f1xx_hal_rcc.o
 .debug_info    0x00002850      0x918 build/stm32f1xx_hal_gpio.o
 .debug_info    0x00003168      0xa44 build/stm32f1xx_hal_dma.o
 .debug_info    0x00003bac      0xffb build/stm32f1xx_hal_cortex.o
 .debug_info    0x00004ba7      0x26e build/system_stm32f1xx.o
 .debug_info    0x00004e15      0xb51 build/usart.o
 .debug_info    0x00005966     0x19f6 build/stm32f1xx_hal_usart.o
 .debug_info    0x0000735c       0x22 build/startup_stm32f103xe.o

.debug_abbrev   0x00000000     0x17b4
 .debug_abbrev  0x00000000      0x1e0 build/main.o
 .debug_abbrev  0x000001e0      0x13f build/gpio.o
 .debug_abbrev  0x0000031f      0x15e build/stm32f1xx_it.o
 .debug_abbrev  0x0000047d       0xe7 build/stm32f1xx_hal_msp.o
 .debug_abbrev  0x00000564      0x1f7 build/stm32f1xx_hal.o
 .debug_abbrev  0x0000075b      0x29c build/stm32f1xx_hal_rcc.o
 .debug_abbrev  0x000009f7      0x241 build/stm32f1xx_hal_gpio.o
 .debug_abbrev  0x00000c38      0x251 build/stm32f1xx_hal_dma.o
 .debug_abbrev  0x00000e89      0x379 build/stm32f1xx_hal_cortex.o
 .debug_abbrev  0x00001202      0x140 build/system_stm32f1xx.o
 .debug_abbrev  0x00001342      0x1d5 build/usart.o
 .debug_abbrev  0x00001517      0x28b build/stm32f1xx_hal_usart.o
 .debug_abbrev  0x000017a2       0x12 build/startup_stm32f103xe.o

.debug_loc      0x00000000     0x4284
 .debug_loc     0x00000000       0x66 build/main.o
 .debug_loc     0x00000066       0x38 build/gpio.o
 .debug_loc     0x0000009e       0x40 build/stm32f1xx_it.o
 .debug_loc     0x000000de       0x41 build/stm32f1xx_hal_msp.o
 .debug_loc     0x0000011f      0x1d0 build/stm32f1xx_hal.o
 .debug_loc     0x000002ef      0x8ba build/stm32f1xx_hal_rcc.o
 .debug_loc     0x00000ba9      0x6c5 build/stm32f1xx_hal_gpio.o
 .debug_loc     0x0000126e      0x85b build/stm32f1xx_hal_dma.o
 .debug_loc     0x00001ac9      0xa2d build/stm32f1xx_hal_cortex.o
 .debug_loc     0x000024f6       0xff build/system_stm32f1xx.o
 .debug_loc     0x000025f5      0x163 build/usart.o
 .debug_loc     0x00002758     0x1b2c build/stm32f1xx_hal_usart.o

.debug_aranges  0x00000000      0x5b8
 .debug_aranges
                0x00000000       0x38 build/main.o
 .debug_aranges
                0x00000038       0x20 build/gpio.o
 .debug_aranges
                0x00000058       0x68 build/stm32f1xx_it.o
 .debug_aranges
                0x000000c0       0x20 build/stm32f1xx_hal_msp.o
 .debug_aranges
                0x000000e0       0xe0 build/stm32f1xx_hal.o
 .debug_aranges
                0x000001c0       0x90 build/stm32f1xx_hal_rcc.o
 .debug_aranges
                0x00000250       0x58 build/stm32f1xx_hal_gpio.o
 .debug_aranges
                0x000002a8       0x80 build/stm32f1xx_hal_dma.o
 .debug_aranges
                0x00000328       0x90 build/stm32f1xx_hal_cortex.o
 .debug_aranges
                0x000003b8       0x28 build/system_stm32f1xx.o
 .debug_aranges
                0x000003e0       0x38 build/usart.o
 .debug_aranges
                0x00000418      0x178 build/stm32f1xx_hal_usart.o
 .debug_aranges
                0x00000590       0x28 build/startup_stm32f103xe.o

.debug_ranges   0x00000000      0x5a0
 .debug_ranges  0x00000000       0x28 build/main.o
 .debug_ranges  0x00000028       0x10 build/gpio.o
 .debug_ranges  0x00000038       0x58 build/stm32f1xx_it.o
 .debug_ranges  0x00000090       0x10 build/stm32f1xx_hal_msp.o
 .debug_ranges  0x000000a0       0xd0 build/stm32f1xx_hal.o
 .debug_ranges  0x00000170       0xa0 build/stm32f1xx_hal_rcc.o
 .debug_ranges  0x00000210       0x48 build/stm32f1xx_hal_gpio.o
 .debug_ranges  0x00000258       0x70 build/stm32f1xx_hal_dma.o
 .debug_ranges  0x000002c8      0x110 build/stm32f1xx_hal_cortex.o
 .debug_ranges  0x000003d8       0x18 build/system_stm32f1xx.o
 .debug_ranges  0x000003f0       0x28 build/usart.o
 .debug_ranges  0x00000418      0x168 build/stm32f1xx_hal_usart.o
 .debug_ranges  0x00000580       0x20 build/startup_stm32f103xe.o

.debug_line     0x00000000     0x5b0a
 .debug_line    0x00000000      0x32d build/main.o
 .debug_line    0x0000032d      0x1ce build/gpio.o
 .debug_line    0x000004fb      0x2c1 build/stm32f1xx_it.o
 .debug_line    0x000007bc      0x151 build/stm32f1xx_hal_msp.o
 .debug_line    0x0000090d      0x53a build/stm32f1xx_hal.o
 .debug_line    0x00000e47      0xdbd build/stm32f1xx_hal_rcc.o
 .debug_line    0x00001c04      0x735 build/stm32f1xx_hal_gpio.o
 .debug_line    0x00002339      0xe0e build/stm32f1xx_hal_dma.o
 .debug_line    0x00003147      0x6fa build/stm32f1xx_hal_cortex.o
 .debug_line    0x00003841      0x21a build/system_stm32f1xx.o
 .debug_line    0x00003a5b      0x30c build/usart.o
 .debug_line    0x00003d67     0x1d2e build/stm32f1xx_hal_usart.o
 .debug_line    0x00005a95       0x75 build/startup_stm32f103xe.o

.debug_str      0x00000000     0x1da2
 .debug_str     0x00000000      0x36d build/main.o
                                0x3c2 (size before relaxing)
 .debug_str     0x0000036d       0x90 build/gpio.o
                                0x244 (size before relaxing)
 .debug_str     0x000003fd      0x431 build/stm32f1xx_it.o
                                0x5df (size before relaxing)
 .debug_str     0x0000082e       0x57 build/stm32f1xx_hal_msp.o
                                0x1e6 (size before relaxing)
 .debug_str     0x00000885      0x6df build/stm32f1xx_hal.o
                                0x8ef (size before relaxing)
 .debug_str     0x00000f64      0x20d build/stm32f1xx_hal_rcc.o
                                0x600 (size before relaxing)
 .debug_str     0x00001171      0x127 build/stm32f1xx_hal_gpio.o
                                0x3e7 (size before relaxing)
 .debug_str     0x00001298      0x23c build/stm32f1xx_hal_dma.o
                                0x5e4 (size before relaxing)
 .debug_str     0x000014d4      0x3c2 build/stm32f1xx_hal_cortex.o
                                0x98c (size before relaxing)
 .debug_str     0x00001896       0x4f build/system_stm32f1xx.o
                                0x21b (size before relaxing)
 .debug_str     0x000018e5       0x6a build/usart.o
                                0xa5c (size before relaxing)
 .debug_str     0x0000194f      0x42f build/stm32f1xx_hal_usart.o
                                0xaab (size before relaxing)
 .debug_str     0x00001d7e       0x24 build/startup_stm32f103xe.o
                                 0x3a (size before relaxing)

.comment        0x00000000       0x49
 .comment       0x00000000       0x49 build/main.o
                                 0x4a (size before relaxing)
 .comment       0x00000049       0x4a build/gpio.o
 .comment       0x00000049       0x4a build/stm32f1xx_it.o
 .comment       0x00000049       0x4a build/stm32f1xx_hal_msp.o
 .comment       0x00000049       0x4a build/stm32f1xx_hal.o
 .comment       0x00000049       0x4a build/stm32f1xx_hal_rcc.o
 .comment       0x00000049       0x4a build/stm32f1xx_hal_gpio.o
 .comment       0x00000049       0x4a build/stm32f1xx_hal_dma.o
 .comment       0x00000049       0x4a build/stm32f1xx_hal_cortex.o
 .comment       0x00000049       0x4a build/system_stm32f1xx.o
 .comment       0x00000049       0x4a build/usart.o
 .comment       0x00000049       0x4a build/stm32f1xx_hal_usart.o

.debug_frame    0x00000000      0xdbc
 .debug_frame   0x00000000       0x68 build/main.o
 .debug_frame   0x00000068       0x38 build/gpio.o
 .debug_frame   0x000000a0       0xc0 build/stm32f1xx_it.o
 .debug_frame   0x00000160       0x28 build/stm32f1xx_hal_msp.o
 .debug_frame   0x00000188      0x1d0 build/stm32f1xx_hal.o
 .debug_frame   0x00000358      0x19c build/stm32f1xx_hal_rcc.o
 .debug_frame   0x000004f4       0xfc build/stm32f1xx_hal_gpio.o
 .debug_frame   0x000005f0      0x158 build/stm32f1xx_hal_dma.o
 .debug_frame   0x00000748      0x164 build/stm32f1xx_hal_cortex.o
 .debug_frame   0x000008ac       0x30 build/system_stm32f1xx.o
 .debug_frame   0x000008dc       0x80 build/usart.o
 .debug_frame   0x0000095c      0x414 build/stm32f1xx_hal_usart.o
 .debug_frame   0x00000d70       0x2c f:/software/gcc-arm-none-eabi-10.3-2021.10/bin/../lib/gcc/arm-none-eabi/10.3.1/../../../../arm-none-eabi/lib/thumb/v7-m/nofp\libc_nano.a(lib_a-init.o)
 .debug_frame   0x00000d9c       0x20 f:/software/gcc-arm-none-eabi-10.3-2021.10/bin/../lib/gcc/arm-none-eabi/10.3.1/../../../../arm-none-eabi/lib/thumb/v7-m/nofp\libc_nano.a(lib_a-memset.o)

Cross Reference Table

Symbol                                            File
ADC1_2_IRQHandler                                 build/startup_stm32f103xe.o
ADC3_IRQHandler                                   build/startup_stm32f103xe.o
AHBPrescTable                                     build/system_stm32f1xx.o
                                                  build/stm32f1xx_hal_rcc.o
APBPrescTable                                     build/system_stm32f1xx.o
                                                  build/stm32f1xx_hal_rcc.o
BusFault_Handler                                  build/stm32f1xx_it.o
CAN1_RX1_IRQHandler                               build/startup_stm32f103xe.o
CAN1_SCE_IRQHandler                               build/startup_stm32f103xe.o
DMA1_Channel1_IRQHandler                          build/startup_stm32f103xe.o
DMA1_Channel2_IRQHandler                          build/startup_stm32f103xe.o
DMA1_Channel3_IRQHandler                          build/startup_stm32f103xe.o
DMA1_Channel4_IRQHandler                          build/startup_stm32f103xe.o
DMA1_Channel5_IRQHandler                          build/startup_stm32f103xe.o
DMA1_Channel6_IRQHandler                          build/startup_stm32f103xe.o
DMA1_Channel7_IRQHandler                          build/startup_stm32f103xe.o
DMA2_Channel1_IRQHandler                          build/startup_stm32f103xe.o
DMA2_Channel2_IRQHandler                          build/startup_stm32f103xe.o
DMA2_Channel3_IRQHandler                          build/startup_stm32f103xe.o
DMA2_Channel4_5_IRQHandler                        build/startup_stm32f103xe.o
DebugMon_Handler                                  build/stm32f1xx_it.o
Default_Handler                                   build/startup_stm32f103xe.o
EXTI0_IRQHandler                                  build/startup_stm32f103xe.o
EXTI15_10_IRQHandler                              build/startup_stm32f103xe.o
EXTI1_IRQHandler                                  build/startup_stm32f103xe.o
EXTI2_IRQHandler                                  build/startup_stm32f103xe.o
EXTI3_IRQHandler                                  build/startup_stm32f103xe.o
EXTI4_IRQHandler                                  build/startup_stm32f103xe.o
EXTI9_5_IRQHandler                                build/startup_stm32f103xe.o
Error_Handler                                     build/main.o
                                                  build/usart.o
FLASH_IRQHandler                                  build/startup_stm32f103xe.o
FLASH_PageErase                                   build/stm32f1xx_hal_flash_ex.o
                                                  build/stm32f1xx_hal_flash.o
FLASH_WaitForLastOperation                        build/stm32f1xx_hal_flash.o
                                                  build/stm32f1xx_hal_flash_ex.o
FSMC_IRQHandler                                   build/startup_stm32f103xe.o
HAL_DBGMCU_DisableDBGSleepMode                    build/stm32f1xx_hal.o
HAL_DBGMCU_DisableDBGStandbyMode                  build/stm32f1xx_hal.o
HAL_DBGMCU_DisableDBGStopMode                     build/stm32f1xx_hal.o
HAL_DBGMCU_EnableDBGSleepMode                     build/stm32f1xx_hal.o
HAL_DBGMCU_EnableDBGStandbyMode                   build/stm32f1xx_hal.o
HAL_DBGMCU_EnableDBGStopMode                      build/stm32f1xx_hal.o
HAL_DMA_Abort                                     build/stm32f1xx_hal_dma.o
                                                  build/stm32f1xx_hal_usart.o
HAL_DMA_Abort_IT                                  build/stm32f1xx_hal_dma.o
                                                  build/stm32f1xx_hal_usart.o
HAL_DMA_DeInit                                    build/stm32f1xx_hal_dma.o
HAL_DMA_GetError                                  build/stm32f1xx_hal_dma.o
HAL_DMA_GetState                                  build/stm32f1xx_hal_dma.o
HAL_DMA_IRQHandler                                build/stm32f1xx_hal_dma.o
HAL_DMA_Init                                      build/stm32f1xx_hal_dma.o
HAL_DMA_PollForTransfer                           build/stm32f1xx_hal_dma.o
HAL_DMA_RegisterCallback                          build/stm32f1xx_hal_dma.o
HAL_DMA_Start                                     build/stm32f1xx_hal_dma.o
HAL_DMA_Start_IT                                  build/stm32f1xx_hal_dma.o
                                                  build/stm32f1xx_hal_usart.o
HAL_DMA_UnRegisterCallback                        build/stm32f1xx_hal_dma.o
HAL_DeInit                                        build/stm32f1xx_hal.o
HAL_Delay                                         build/stm32f1xx_hal.o
                                                  build/main.o
HAL_EXTI_ClearConfigLine                          build/stm32f1xx_hal_exti.o
HAL_EXTI_ClearPending                             build/stm32f1xx_hal_exti.o
HAL_EXTI_GenerateSWI                              build/stm32f1xx_hal_exti.o
HAL_EXTI_GetConfigLine                            build/stm32f1xx_hal_exti.o
HAL_EXTI_GetHandle                                build/stm32f1xx_hal_exti.o
HAL_EXTI_GetPending                               build/stm32f1xx_hal_exti.o
HAL_EXTI_IRQHandler                               build/stm32f1xx_hal_exti.o
HAL_EXTI_RegisterCallback                         build/stm32f1xx_hal_exti.o
HAL_EXTI_SetConfigLine                            build/stm32f1xx_hal_exti.o
HAL_FLASHEx_Erase                                 build/stm32f1xx_hal_flash_ex.o
HAL_FLASHEx_Erase_IT                              build/stm32f1xx_hal_flash_ex.o
HAL_FLASHEx_OBErase                               build/stm32f1xx_hal_flash_ex.o
HAL_FLASHEx_OBGetConfig                           build/stm32f1xx_hal_flash_ex.o
HAL_FLASHEx_OBGetUserData                         build/stm32f1xx_hal_flash_ex.o
HAL_FLASHEx_OBProgram                             build/stm32f1xx_hal_flash_ex.o
HAL_FLASH_EndOfOperationCallback                  build/stm32f1xx_hal_flash.o
HAL_FLASH_GetError                                build/stm32f1xx_hal_flash.o
HAL_FLASH_IRQHandler                              build/stm32f1xx_hal_flash.o
HAL_FLASH_Lock                                    build/stm32f1xx_hal_flash.o
HAL_FLASH_OB_Launch                               build/stm32f1xx_hal_flash.o
HAL_FLASH_OB_Lock                                 build/stm32f1xx_hal_flash.o
HAL_FLASH_OB_Unlock                               build/stm32f1xx_hal_flash.o
HAL_FLASH_OperationErrorCallback                  build/stm32f1xx_hal_flash.o
HAL_FLASH_Program                                 build/stm32f1xx_hal_flash.o
HAL_FLASH_Program_IT                              build/stm32f1xx_hal_flash.o
HAL_FLASH_Unlock                                  build/stm32f1xx_hal_flash.o
HAL_GPIOEx_ConfigEventout                         build/stm32f1xx_hal_gpio_ex.o
HAL_GPIOEx_DisableEventout                        build/stm32f1xx_hal_gpio_ex.o
HAL_GPIOEx_EnableEventout                         build/stm32f1xx_hal_gpio_ex.o
HAL_GPIO_DeInit                                   build/stm32f1xx_hal_gpio.o
                                                  build/usart.o
HAL_GPIO_EXTI_Callback                            build/stm32f1xx_hal_gpio.o
HAL_GPIO_EXTI_IRQHandler                          build/stm32f1xx_hal_gpio.o
HAL_GPIO_Init                                     build/stm32f1xx_hal_gpio.o
                                                  build/usart.o
                                                  build/stm32f1xx_hal_rcc.o
                                                  build/gpio.o
HAL_GPIO_LockPin                                  build/stm32f1xx_hal_gpio.o
HAL_GPIO_ReadPin                                  build/stm32f1xx_hal_gpio.o
HAL_GPIO_TogglePin                                build/stm32f1xx_hal_gpio.o
HAL_GPIO_WritePin                                 build/stm32f1xx_hal_gpio.o
                                                  build/gpio.o
                                                  build/main.o
HAL_GetDEVID                                      build/stm32f1xx_hal.o
HAL_GetHalVersion                                 build/stm32f1xx_hal.o
HAL_GetREVID                                      build/stm32f1xx_hal.o
HAL_GetTick                                       build/stm32f1xx_hal.o
                                                  build/stm32f1xx_hal_usart.o
                                                  build/stm32f1xx_hal_flash.o
                                                  build/stm32f1xx_hal_dma.o
                                                  build/stm32f1xx_hal_rcc_ex.o
                                                  build/stm32f1xx_hal_rcc.o
HAL_GetTickFreq                                   build/stm32f1xx_hal.o
HAL_GetTickPrio                                   build/stm32f1xx_hal.o
HAL_GetUIDw0                                      build/stm32f1xx_hal.o
HAL_GetUIDw1                                      build/stm32f1xx_hal.o
HAL_GetUIDw2                                      build/stm32f1xx_hal.o
HAL_IncTick                                       build/stm32f1xx_hal.o
                                                  build/stm32f1xx_it.o
HAL_Init                                          build/stm32f1xx_hal.o
                                                  build/main.o
HAL_InitTick                                      build/stm32f1xx_hal.o
                                                  build/stm32f1xx_hal_rcc.o
HAL_MspDeInit                                     build/stm32f1xx_hal.o
HAL_MspInit                                       build/stm32f1xx_hal_msp.o
HAL_NVIC_ClearPendingIRQ                          build/stm32f1xx_hal_cortex.o
HAL_NVIC_DisableIRQ                               build/stm32f1xx_hal_cortex.o
                                                  build/usart.o
HAL_NVIC_EnableIRQ                                build/stm32f1xx_hal_cortex.o
                                                  build/usart.o
HAL_NVIC_GetActive                                build/stm32f1xx_hal_cortex.o
HAL_NVIC_GetPendingIRQ                            build/stm32f1xx_hal_cortex.o
HAL_NVIC_GetPriority                              build/stm32f1xx_hal_cortex.o
HAL_NVIC_GetPriorityGrouping                      build/stm32f1xx_hal_cortex.o
HAL_NVIC_SetPendingIRQ                            build/stm32f1xx_hal_cortex.o
HAL_NVIC_SetPriority                              build/stm32f1xx_hal_cortex.o
                                                  build/usart.o
                                                  build/stm32f1xx_hal.o
HAL_NVIC_SetPriorityGrouping                      build/stm32f1xx_hal_cortex.o
                                                  build/stm32f1xx_hal.o
HAL_NVIC_SystemReset                              build/stm32f1xx_hal_cortex.o
                                                  build/stm32f1xx_hal_flash.o
HAL_PWR_ConfigPVD                                 build/stm32f1xx_hal_pwr.o
HAL_PWR_DeInit                                    build/stm32f1xx_hal_pwr.o
HAL_PWR_DisableBkUpAccess                         build/stm32f1xx_hal_pwr.o
HAL_PWR_DisablePVD                                build/stm32f1xx_hal_pwr.o
HAL_PWR_DisableSEVOnPend                          build/stm32f1xx_hal_pwr.o
HAL_PWR_DisableSleepOnExit                        build/stm32f1xx_hal_pwr.o
HAL_PWR_DisableWakeUpPin                          build/stm32f1xx_hal_pwr.o
HAL_PWR_EnableBkUpAccess                          build/stm32f1xx_hal_pwr.o
HAL_PWR_EnablePVD                                 build/stm32f1xx_hal_pwr.o
HAL_PWR_EnableSEVOnPend                           build/stm32f1xx_hal_pwr.o
HAL_PWR_EnableSleepOnExit                         build/stm32f1xx_hal_pwr.o
HAL_PWR_EnableWakeUpPin                           build/stm32f1xx_hal_pwr.o
HAL_PWR_EnterSLEEPMode                            build/stm32f1xx_hal_pwr.o
HAL_PWR_EnterSTANDBYMode                          build/stm32f1xx_hal_pwr.o
HAL_PWR_EnterSTOPMode                             build/stm32f1xx_hal_pwr.o
HAL_PWR_PVDCallback                               build/stm32f1xx_hal_pwr.o
HAL_PWR_PVD_IRQHandler                            build/stm32f1xx_hal_pwr.o
HAL_RCCEx_GetPeriphCLKConfig                      build/stm32f1xx_hal_rcc_ex.o
HAL_RCCEx_GetPeriphCLKFreq                        build/stm32f1xx_hal_rcc_ex.o
HAL_RCCEx_PeriphCLKConfig                         build/stm32f1xx_hal_rcc_ex.o
HAL_RCC_CSSCallback                               build/stm32f1xx_hal_rcc.o
HAL_RCC_ClockConfig                               build/stm32f1xx_hal_rcc.o
                                                  build/main.o
HAL_RCC_DeInit                                    build/stm32f1xx_hal_rcc.o
HAL_RCC_DisableCSS                                build/stm32f1xx_hal_rcc.o
HAL_RCC_EnableCSS                                 build/stm32f1xx_hal_rcc.o
HAL_RCC_GetClockConfig                            build/stm32f1xx_hal_rcc.o
HAL_RCC_GetHCLKFreq                               build/stm32f1xx_hal_rcc.o
HAL_RCC_GetOscConfig                              build/stm32f1xx_hal_rcc.o
HAL_RCC_GetPCLK1Freq                              build/stm32f1xx_hal_rcc.o
                                                  build/stm32f1xx_hal_usart.o
HAL_RCC_GetPCLK2Freq                              build/stm32f1xx_hal_rcc.o
                                                  build/stm32f1xx_hal_usart.o
                                                  build/stm32f1xx_hal_rcc_ex.o
HAL_RCC_GetSysClockFreq                           build/stm32f1xx_hal_rcc.o
                                                  build/stm32f1xx_hal_rcc_ex.o
HAL_RCC_MCOConfig                                 build/stm32f1xx_hal_rcc.o
HAL_RCC_NMI_IRQHandler                            build/stm32f1xx_hal_rcc.o
HAL_RCC_OscConfig                                 build/stm32f1xx_hal_rcc.o
                                                  build/main.o
HAL_ResumeTick                                    build/stm32f1xx_hal.o
HAL_SYSTICK_CLKSourceConfig                       build/stm32f1xx_hal_cortex.o
HAL_SYSTICK_Callback                              build/stm32f1xx_hal_cortex.o
HAL_SYSTICK_Config                                build/stm32f1xx_hal_cortex.o
                                                  build/stm32f1xx_hal.o
HAL_SYSTICK_IRQHandler                            build/stm32f1xx_hal_cortex.o
HAL_SetTickFreq                                   build/stm32f1xx_hal.o
HAL_SuspendTick                                   build/stm32f1xx_hal.o
HAL_USART_Abort                                   build/stm32f1xx_hal_usart.o
HAL_USART_AbortCpltCallback                       build/stm32f1xx_hal_usart.o
HAL_USART_Abort_IT                                build/stm32f1xx_hal_usart.o
HAL_USART_DMAPause                                build/stm32f1xx_hal_usart.o
HAL_USART_DMAResume                               build/stm32f1xx_hal_usart.o
HAL_USART_DMAStop                                 build/stm32f1xx_hal_usart.o
HAL_USART_DeInit                                  build/stm32f1xx_hal_usart.o
HAL_USART_ErrorCallback                           build/stm32f1xx_hal_usart.o
HAL_USART_GetError                                build/stm32f1xx_hal_usart.o
HAL_USART_GetState                                build/stm32f1xx_hal_usart.o
HAL_USART_IRQHandler                              build/stm32f1xx_hal_usart.o
                                                  build/stm32f1xx_it.o
HAL_USART_Init                                    build/stm32f1xx_hal_usart.o
                                                  build/usart.o
HAL_USART_MspDeInit                               build/usart.o
HAL_USART_MspInit                                 build/usart.o
HAL_USART_Receive                                 build/stm32f1xx_hal_usart.o
HAL_USART_Receive_DMA                             build/stm32f1xx_hal_usart.o
HAL_USART_Receive_IT                              build/stm32f1xx_hal_usart.o
HAL_USART_RxCpltCallback                          build/stm32f1xx_hal_usart.o
HAL_USART_RxHalfCpltCallback                      build/stm32f1xx_hal_usart.o
HAL_USART_Transmit                                build/stm32f1xx_hal_usart.o
                                                  build/usart.o
HAL_USART_TransmitReceive                         build/stm32f1xx_hal_usart.o
HAL_USART_TransmitReceive_DMA                     build/stm32f1xx_hal_usart.o
HAL_USART_TransmitReceive_IT                      build/stm32f1xx_hal_usart.o
HAL_USART_Transmit_DMA                            build/stm32f1xx_hal_usart.o
HAL_USART_Transmit_IT                             build/stm32f1xx_hal_usart.o
HAL_USART_TxCpltCallback                          build/stm32f1xx_hal_usart.o
HAL_USART_TxHalfCpltCallback                      build/stm32f1xx_hal_usart.o
HAL_USART_TxRxCpltCallback                        build/stm32f1xx_hal_usart.o
HardFault_Handler                                 build/stm32f1xx_it.o
I2C1_ER_IRQHandler                                build/startup_stm32f103xe.o
I2C1_EV_IRQHandler                                build/startup_stm32f103xe.o
I2C2_ER_IRQHandler                                build/startup_stm32f103xe.o
I2C2_EV_IRQHandler                                build/startup_stm32f103xe.o
MX_GPIO_Init                                      build/gpio.o
                                                  build/main.o
MX_USART1_Init                                    build/usart.o
                                                  build/main.o
MemManage_Handler                                 build/stm32f1xx_it.o
NMI_Handler                                       build/stm32f1xx_it.o
PVD_IRQHandler                                    build/startup_stm32f103xe.o
PendSV_Handler                                    build/stm32f1xx_it.o
RCC_IRQHandler                                    build/startup_stm32f103xe.o
RTC_Alarm_IRQHandler                              build/startup_stm32f103xe.o
RTC_IRQHandler                                    build/startup_stm32f103xe.o
Reset_Handler                                     build/startup_stm32f103xe.o
SDIO_IRQHandler                                   build/startup_stm32f103xe.o
SPI1_IRQHandler                                   build/startup_stm32f103xe.o
SPI2_IRQHandler                                   build/startup_stm32f103xe.o
SPI3_IRQHandler                                   build/startup_stm32f103xe.o
SVC_Handler                                       build/stm32f1xx_it.o
SysTick_Handler                                   build/stm32f1xx_it.o
SystemClock_Config                                build/main.o
SystemCoreClock                                   build/system_stm32f1xx.o
                                                  build/stm32f1xx_hal_rcc.o
                                                  build/stm32f1xx_hal.o
SystemCoreClockUpdate                             build/system_stm32f1xx.o
SystemInit                                        build/system_stm32f1xx.o
                                                  build/startup_stm32f103xe.o
TAMPER_IRQHandler                                 build/startup_stm32f103xe.o
TIM1_BRK_IRQHandler                               build/startup_stm32f103xe.o
TIM1_CC_IRQHandler                                build/startup_stm32f103xe.o
TIM1_TRG_COM_IRQHandler                           build/startup_stm32f103xe.o
TIM1_UP_IRQHandler                                build/startup_stm32f103xe.o
TIM2_IRQHandler                                   build/startup_stm32f103xe.o
TIM3_IRQHandler                                   build/startup_stm32f103xe.o
TIM4_IRQHandler                                   build/startup_stm32f103xe.o
TIM5_IRQHandler                                   build/startup_stm32f103xe.o
TIM6_IRQHandler                                   build/startup_stm32f103xe.o
TIM7_IRQHandler                                   build/startup_stm32f103xe.o
TIM8_BRK_IRQHandler                               build/startup_stm32f103xe.o
TIM8_CC_IRQHandler                                build/startup_stm32f103xe.o
TIM8_TRG_COM_IRQHandler                           build/startup_stm32f103xe.o
TIM8_UP_IRQHandler                                build/startup_stm32f103xe.o
UART4_IRQHandler                                  build/startup_stm32f103xe.o
UART5_IRQHandler                                  build/startup_stm32f103xe.o
USART1_IRQHandler                                 build/stm32f1xx_it.o
USART2_IRQHandler                                 build/startup_stm32f103xe.o
USART3_IRQHandler                                 build/startup_stm32f103xe.o
USBWakeUp_IRQHandler                              build/startup_stm32f103xe.o
USB_HP_CAN1_TX_IRQHandler                         build/startup_stm32f103xe.o
USB_LP_CAN1_RX0_IRQHandler                        build/startup_stm32f103xe.o
UsageFault_Handler                                build/stm32f1xx_it.o
Usart_SendByte                                    build/usart.o
                                                  build/main.o
WWDG_IRQHandler                                   build/startup_stm32f103xe.o
__bss_end__                                       f:/software/gcc-arm-none-eabi-10.3-2021.10/bin/../lib/gcc/arm-none-eabi/10.3.1/../../../../arm-none-eabi/lib/thumb/v7-m/nofp/crt0.o
__bss_start__                                     f:/software/gcc-arm-none-eabi-10.3-2021.10/bin/../lib/gcc/arm-none-eabi/10.3.1/../../../../arm-none-eabi/lib/thumb/v7-m/nofp/crt0.o
__call_exitprocs                                  f:/software/gcc-arm-none-eabi-10.3-2021.10/bin/../lib/gcc/arm-none-eabi/10.3.1/../../../../arm-none-eabi/lib/thumb/v7-m/nofp\libc_nano.a(lib_a-exit.o)
__deregister_frame_info                           f:/software/gcc-arm-none-eabi-10.3-2021.10/bin/../lib/gcc/arm-none-eabi/10.3.1/thumb/v7-m/nofp/crtbegin.o
__dso_handle                                      f:/software/gcc-arm-none-eabi-10.3-2021.10/bin/../lib/gcc/arm-none-eabi/10.3.1/thumb/v7-m/nofp/crtbegin.o
__init_array_end                                  f:/software/gcc-arm-none-eabi-10.3-2021.10/bin/../lib/gcc/arm-none-eabi/10.3.1/../../../../arm-none-eabi/lib/thumb/v7-m/nofp\libc_nano.a(lib_a-init.o)
__init_array_start                                f:/software/gcc-arm-none-eabi-10.3-2021.10/bin/../lib/gcc/arm-none-eabi/10.3.1/../../../../arm-none-eabi/lib/thumb/v7-m/nofp\libc_nano.a(lib_a-init.o)
__libc_fini_array                                 f:/software/gcc-arm-none-eabi-10.3-2021.10/bin/../lib/gcc/arm-none-eabi/10.3.1/../../../../arm-none-eabi/lib/thumb/v7-m/nofp/crt0.o
__libc_init_array                                 f:/software/gcc-arm-none-eabi-10.3-2021.10/bin/../lib/gcc/arm-none-eabi/10.3.1/../../../../arm-none-eabi/lib/thumb/v7-m/nofp\libc_nano.a(lib_a-init.o)
                                                  build/startup_stm32f103xe.o
                                                  f:/software/gcc-arm-none-eabi-10.3-2021.10/bin/../lib/gcc/arm-none-eabi/10.3.1/../../../../arm-none-eabi/lib/thumb/v7-m/nofp/crt0.o
__preinit_array_end                               f:/software/gcc-arm-none-eabi-10.3-2021.10/bin/../lib/gcc/arm-none-eabi/10.3.1/../../../../arm-none-eabi/lib/thumb/v7-m/nofp\libc_nano.a(lib_a-init.o)
__preinit_array_start                             f:/software/gcc-arm-none-eabi-10.3-2021.10/bin/../lib/gcc/arm-none-eabi/10.3.1/../../../../arm-none-eabi/lib/thumb/v7-m/nofp\libc_nano.a(lib_a-init.o)
__register_frame_info                             f:/software/gcc-arm-none-eabi-10.3-2021.10/bin/../lib/gcc/arm-none-eabi/10.3.1/thumb/v7-m/nofp/crtbegin.o
__sf_fake_stderr                                  f:/software/gcc-arm-none-eabi-10.3-2021.10/bin/../lib/gcc/arm-none-eabi/10.3.1/../../../../arm-none-eabi/lib/thumb/v7-m/nofp\libc_nano.a(lib_a-impure.o)
__sf_fake_stdin                                   f:/software/gcc-arm-none-eabi-10.3-2021.10/bin/../lib/gcc/arm-none-eabi/10.3.1/../../../../arm-none-eabi/lib/thumb/v7-m/nofp\libc_nano.a(lib_a-impure.o)
__sf_fake_stdout                                  f:/software/gcc-arm-none-eabi-10.3-2021.10/bin/../lib/gcc/arm-none-eabi/10.3.1/../../../../arm-none-eabi/lib/thumb/v7-m/nofp\libc_nano.a(lib_a-impure.o)
__stack                                           f:/software/gcc-arm-none-eabi-10.3-2021.10/bin/../lib/gcc/arm-none-eabi/10.3.1/../../../../arm-none-eabi/lib/thumb/v7-m/nofp/crt0.o
_ebss                                             build/startup_stm32f103xe.o
_edata                                            build/startup_stm32f103xe.o
_estack                                           build/startup_stm32f103xe.o
_exit                                             f:/software/gcc-arm-none-eabi-10.3-2021.10/bin/../lib/gcc/arm-none-eabi/10.3.1/../../../../arm-none-eabi/lib/thumb/v7-m/nofp\libnosys.a(_exit.o)
                                                  f:/software/gcc-arm-none-eabi-10.3-2021.10/bin/../lib/gcc/arm-none-eabi/10.3.1/../../../../arm-none-eabi/lib/thumb/v7-m/nofp\libc_nano.a(lib_a-exit.o)
_fini                                             f:/software/gcc-arm-none-eabi-10.3-2021.10/bin/../lib/gcc/arm-none-eabi/10.3.1/thumb/v7-m/nofp/crti.o
_global_impure_ptr                                f:/software/gcc-arm-none-eabi-10.3-2021.10/bin/../lib/gcc/arm-none-eabi/10.3.1/../../../../arm-none-eabi/lib/thumb/v7-m/nofp\libc_nano.a(lib_a-impure.o)
                                                  f:/software/gcc-arm-none-eabi-10.3-2021.10/bin/../lib/gcc/arm-none-eabi/10.3.1/../../../../arm-none-eabi/lib/thumb/v7-m/nofp\libc_nano.a(lib_a-exit.o)
_impure_ptr                                       f:/software/gcc-arm-none-eabi-10.3-2021.10/bin/../lib/gcc/arm-none-eabi/10.3.1/../../../../arm-none-eabi/lib/thumb/v7-m/nofp\libc_nano.a(lib_a-impure.o)
_init                                             f:/software/gcc-arm-none-eabi-10.3-2021.10/bin/../lib/gcc/arm-none-eabi/10.3.1/thumb/v7-m/nofp/crti.o
                                                  f:/software/gcc-arm-none-eabi-10.3-2021.10/bin/../lib/gcc/arm-none-eabi/10.3.1/../../../../arm-none-eabi/lib/thumb/v7-m/nofp\libc_nano.a(lib_a-init.o)
_mainCRTStartup                                   f:/software/gcc-arm-none-eabi-10.3-2021.10/bin/../lib/gcc/arm-none-eabi/10.3.1/../../../../arm-none-eabi/lib/thumb/v7-m/nofp/crt0.o
_sbss                                             build/startup_stm32f103xe.o
_sdata                                            build/startup_stm32f103xe.o
_sidata                                           build/startup_stm32f103xe.o
_stack_init                                       f:/software/gcc-arm-none-eabi-10.3-2021.10/bin/../lib/gcc/arm-none-eabi/10.3.1/../../../../arm-none-eabi/lib/thumb/v7-m/nofp/crt0.o
_start                                            f:/software/gcc-arm-none-eabi-10.3-2021.10/bin/../lib/gcc/arm-none-eabi/10.3.1/../../../../arm-none-eabi/lib/thumb/v7-m/nofp/crt0.o
assert_failed                                     build/main.o
                                                  build/stm32f1xx_hal_usart.o
                                                  build/stm32f1xx_hal_exti.o
                                                  build/stm32f1xx_hal_flash_ex.o
                                                  build/stm32f1xx_hal_flash.o
                                                  build/stm32f1xx_hal_pwr.o
                                                  build/stm32f1xx_hal_cortex.o
                                                  build/stm32f1xx_hal_dma.o
                                                  build/stm32f1xx_hal_gpio.o
                                                  build/stm32f1xx_hal_rcc_ex.o
                                                  build/stm32f1xx_hal_rcc.o
                                                  build/stm32f1xx_hal.o
                                                  build/stm32f1xx_hal_gpio_ex.o
atexit                                            f:/software/gcc-arm-none-eabi-10.3-2021.10/bin/../lib/gcc/arm-none-eabi/10.3.1/../../../../arm-none-eabi/lib/thumb/v7-m/nofp/crt0.o
exit                                              f:/software/gcc-arm-none-eabi-10.3-2021.10/bin/../lib/gcc/arm-none-eabi/10.3.1/../../../../arm-none-eabi/lib/thumb/v7-m/nofp\libc_nano.a(lib_a-exit.o)
                                                  f:/software/gcc-arm-none-eabi-10.3-2021.10/bin/../lib/gcc/arm-none-eabi/10.3.1/../../../../arm-none-eabi/lib/thumb/v7-m/nofp/crt0.o
g_pfnVectors                                      build/startup_stm32f103xe.o
hardware_init_hook                                f:/software/gcc-arm-none-eabi-10.3-2021.10/bin/../lib/gcc/arm-none-eabi/10.3.1/../../../../arm-none-eabi/lib/thumb/v7-m/nofp/crt0.o
husart1                                           build/usart.o
                                                  build/stm32f1xx_it.o
main                                              build/main.o
                                                  build/startup_stm32f103xe.o
                                                  f:/software/gcc-arm-none-eabi-10.3-2021.10/bin/../lib/gcc/arm-none-eabi/10.3.1/../../../../arm-none-eabi/lib/thumb/v7-m/nofp/crt0.o
memset                                            f:/software/gcc-arm-none-eabi-10.3-2021.10/bin/../lib/gcc/arm-none-eabi/10.3.1/../../../../arm-none-eabi/lib/thumb/v7-m/nofp\libc_nano.a(lib_a-memset.o)
                                                  build/main.o
                                                  f:/software/gcc-arm-none-eabi-10.3-2021.10/bin/../lib/gcc/arm-none-eabi/10.3.1/../../../../arm-none-eabi/lib/thumb/v7-m/nofp/crt0.o
pFlash                                            build/stm32f1xx_hal_flash.o
                                                  build/stm32f1xx_hal_flash_ex.o
software_init_hook                                f:/software/gcc-arm-none-eabi-10.3-2021.10/bin/../lib/gcc/arm-none-eabi/10.3.1/../../../../arm-none-eabi/lib/thumb/v7-m/nofp/crt0.o
uwTick                                            build/stm32f1xx_hal.o
uwTickFreq                                        build/stm32f1xx_hal.o
uwTickPrio                                        build/stm32f1xx_hal.o
                                                  build/stm32f1xx_hal_rcc.o
